Archive member included to satisfy reference by file (symbol)

/usr/lib/gcc/arm-none-eabi/9.2.0/../../../../arm-none-eabi/lib/thumb/v6-m/nofp/libc_nano.a(lib_a-atexit.o)
                              /usr/lib/gcc/arm-none-eabi/9.2.0/../../../../arm-none-eabi/lib/thumb/v6-m/nofp/crt0.o (atexit)
/usr/lib/gcc/arm-none-eabi/9.2.0/../../../../arm-none-eabi/lib/thumb/v6-m/nofp/libc_nano.a(lib_a-exit.o)
                              /usr/lib/gcc/arm-none-eabi/9.2.0/../../../../arm-none-eabi/lib/thumb/v6-m/nofp/crt0.o (exit)
/usr/lib/gcc/arm-none-eabi/9.2.0/../../../../arm-none-eabi/lib/thumb/v6-m/nofp/libc_nano.a(lib_a-fini.o)
                              /usr/lib/gcc/arm-none-eabi/9.2.0/../../../../arm-none-eabi/lib/thumb/v6-m/nofp/crt0.o (__libc_fini_array)
/usr/lib/gcc/arm-none-eabi/9.2.0/../../../../arm-none-eabi/lib/thumb/v6-m/nofp/libc_nano.a(lib_a-impure.o)
                              /usr/lib/gcc/arm-none-eabi/9.2.0/../../../../arm-none-eabi/lib/thumb/v6-m/nofp/libc_nano.a(lib_a-exit.o) (_global_impure_ptr)
/usr/lib/gcc/arm-none-eabi/9.2.0/../../../../arm-none-eabi/lib/thumb/v6-m/nofp/libc_nano.a(lib_a-init.o)
                              /usr/lib/gcc/arm-none-eabi/9.2.0/../../../../arm-none-eabi/lib/thumb/v6-m/nofp/crt0.o (__libc_init_array)
/usr/lib/gcc/arm-none-eabi/9.2.0/../../../../arm-none-eabi/lib/thumb/v6-m/nofp/libc_nano.a(lib_a-memset.o)
                              /usr/lib/gcc/arm-none-eabi/9.2.0/../../../../arm-none-eabi/lib/thumb/v6-m/nofp/crt0.o (memset)
/usr/lib/gcc/arm-none-eabi/9.2.0/../../../../arm-none-eabi/lib/thumb/v6-m/nofp/libc_nano.a(lib_a-__atexit.o)
                              /usr/lib/gcc/arm-none-eabi/9.2.0/../../../../arm-none-eabi/lib/thumb/v6-m/nofp/libc_nano.a(lib_a-atexit.o) (__register_exitproc)
/usr/lib/gcc/arm-none-eabi/9.2.0/../../../../arm-none-eabi/lib/thumb/v6-m/nofp/libc_nano.a(lib_a-__call_atexit.o)
                              /usr/lib/gcc/arm-none-eabi/9.2.0/../../../../arm-none-eabi/lib/thumb/v6-m/nofp/libc_nano.a(lib_a-__atexit.o) (__call_exitprocs)
/usr/lib/gcc/arm-none-eabi/9.2.0/../../../../arm-none-eabi/lib/thumb/v6-m/nofp/libc_nano.a(lib_a-lock.o)
                              /usr/lib/gcc/arm-none-eabi/9.2.0/../../../../arm-none-eabi/lib/thumb/v6-m/nofp/libc_nano.a(lib_a-__atexit.o) (__retarget_lock_acquire_recursive)
/usr/lib/gcc/arm-none-eabi/9.2.0/../../../../arm-none-eabi/lib/thumb/v6-m/nofp/libnosys.a(_exit.o)
                              /usr/lib/gcc/arm-none-eabi/9.2.0/../../../../arm-none-eabi/lib/thumb/v6-m/nofp/libc_nano.a(lib_a-exit.o) (_exit)
/usr/lib/gcc/arm-none-eabi/9.2.0/thumb/v6-m/nofp/libgcc.a(_udivsi3.o)
                              build/stm32f0xx_hal_spi.o (__aeabi_uidiv)
/usr/lib/gcc/arm-none-eabi/9.2.0/thumb/v6-m/nofp/libgcc.a(_dvmd_tls.o)
                              /usr/lib/gcc/arm-none-eabi/9.2.0/thumb/v6-m/nofp/libgcc.a(_udivsi3.o) (__aeabi_idiv0)

Allocating common symbols
Common symbol       size              file

hUsbDeviceFS        0x224             build/usb_device.o
__lock___atexit_recursive_mutex
                    0x1               /usr/lib/gcc/arm-none-eabi/9.2.0/../../../../arm-none-eabi/lib/thumb/v6-m/nofp/libc_nano.a(lib_a-lock.o)
__lock___arc4random_mutex
                    0x1               /usr/lib/gcc/arm-none-eabi/9.2.0/../../../../arm-none-eabi/lib/thumb/v6-m/nofp/libc_nano.a(lib_a-lock.o)
hcrc                0x24              build/main.o
uwTick              0x4               build/stm32f0xx_hal.o
pFlash              0x20              build/stm32f0xx_hal_flash.o
__lock___env_recursive_mutex
                    0x1               /usr/lib/gcc/arm-none-eabi/9.2.0/../../../../arm-none-eabi/lib/thumb/v6-m/nofp/libc_nano.a(lib_a-lock.o)
__lock___sinit_recursive_mutex
                    0x1               /usr/lib/gcc/arm-none-eabi/9.2.0/../../../../arm-none-eabi/lib/thumb/v6-m/nofp/libc_nano.a(lib_a-lock.o)
UserRxBufferFS      0x320             build/usbd_cdc_if.o
__lock___malloc_recursive_mutex
                    0x1               /usr/lib/gcc/arm-none-eabi/9.2.0/../../../../arm-none-eabi/lib/thumb/v6-m/nofp/libc_nano.a(lib_a-lock.o)
UserTxBufferFS      0x320             build/usbd_cdc_if.o
hspi1               0x64              build/main.o
htim2               0x40              build/main.o
__lock___at_quick_exit_mutex
                    0x1               /usr/lib/gcc/arm-none-eabi/9.2.0/../../../../arm-none-eabi/lib/thumb/v6-m/nofp/libc_nano.a(lib_a-lock.o)
hpcd_USB_FS         0x220             build/usbd_conf.o
USBD_StrDesc        0x200             build/usbd_desc.o
__lock___dd_hash_mutex
                    0x1               /usr/lib/gcc/arm-none-eabi/9.2.0/../../../../arm-none-eabi/lib/thumb/v6-m/nofp/libc_nano.a(lib_a-lock.o)
__lock___tz_mutex   0x1               /usr/lib/gcc/arm-none-eabi/9.2.0/../../../../arm-none-eabi/lib/thumb/v6-m/nofp/libc_nano.a(lib_a-lock.o)
__lock___sfp_recursive_mutex
[...]
Memory Configuration

Name             Origin             Length             Attributes
RAM              0x0000000020000000 0x0000000000001800 xrw
FLASH            0x0000000008000000 0x0000000000008000 xr
*default*        0x0000000000000000 0xffffffffffffffff

Linker script and memory map

LOAD /usr/lib/gcc/arm-none-eabi/9.2.0/thumb/v6-m/nofp/crti.o
LOAD /usr/lib/gcc/arm-none-eabi/9.2.0/thumb/v6-m/nofp/crtbegin.o
LOAD /usr/lib/gcc/arm-none-eabi/9.2.0/../../../../arm-none-eabi/lib/thumb/v6-m/nofp/crt0.o
LOAD build/main.o
LOAD build/usb_device.o
LOAD build/usbd_conf.o
LOAD build/usbd_desc.o
LOAD build/usbd_cdc_if.o
LOAD build/stm32f0xx_it.o
LOAD build/stm32f0xx_hal_msp.o
LOAD build/stm32f0xx_hal_pcd.o
LOAD build/stm32f0xx_hal_pcd_ex.o
LOAD build/stm32f0xx_hal_crc.o
LOAD build/stm32f0xx_hal_crc_ex.o
LOAD build/stm32f0xx_hal_spi.o
LOAD build/stm32f0xx_hal_spi_ex.o
LOAD build/stm32f0xx_hal_tim.o
LOAD build/stm32f0xx_hal_tim_ex.o
LOAD build/stm32f0xx_hal_rcc.o
LOAD build/stm32f0xx_hal_rcc_ex.o
LOAD build/stm32f0xx_hal.o
LOAD build/stm32f0xx_hal_i2c.o
LOAD build/stm32f0xx_hal_i2c_ex.o
LOAD build/stm32f0xx_hal_gpio.o
LOAD build/stm32f0xx_hal_dma.o
LOAD build/stm32f0xx_hal_cortex.o
LOAD build/stm32f0xx_hal_pwr.o
LOAD build/stm32f0xx_hal_pwr_ex.o
LOAD build/stm32f0xx_hal_flash.o
LOAD build/stm32f0xx_hal_flash_ex.o
LOAD build/system_stm32f0xx.o
LOAD build/usbd_core.o
LOAD build/usbd_ctlreq.o
LOAD build/usbd_ioreq.o
LOAD build/usbd_cdc.o
LOAD build/startup_stm32f042x6.o
LOAD /usr/lib/gcc/arm-none-eabi/9.2.0/../../../../arm-none-eabi/lib/thumb/v6-m/nofp/libc_nano.a
LOAD /usr/lib/gcc/arm-none-eabi/9.2.0/../../../../arm-none-eabi/lib/thumb/v6-m/nofp/libm.a
LOAD /usr/lib/gcc/arm-none-eabi/9.2.0/../../../../arm-none-eabi/lib/thumb/v6-m/nofp/libnosys.a
START GROUP
LOAD /usr/lib/gcc/arm-none-eabi/9.2.0/thumb/v6-m/nofp/libgcc.a
LOAD /usr/lib/gcc/arm-none-eabi/9.2.0/../../../../arm-none-eabi/lib/thumb/v6-m/nofp/libc_nano.a
END GROUP
START GROUP
LOAD /usr/lib/gcc/arm-none-eabi/9.2.0/thumb/v6-m/nofp/libgcc.a
LOAD /usr/lib/gcc/arm-none-eabi/9.2.0/../../../../arm-none-eabi/lib/thumb/v6-m/nofp/libc_nano.a
END GROUP
LOAD /usr/lib/gcc/arm-none-eabi/9.2.0/thumb/v6-m/nofp/crtend.o
LOAD /usr/lib/gcc/arm-none-eabi/9.2.0/thumb/v6-m/nofp/crtn.o
                0x0000000020001800                _estack = 0x20001800
                0x0000000000000200                _Min_Heap_Size = 0x200
                0x0000000000000400                _Min_Stack_Size = 0x400

.isr_vector     0x0000000008000000       0xc0
                0x0000000008000000                . = ALIGN (0x4)
 *(.isr_vector)
 .isr_vector    0x0000000008000000       0xc0 build/startup_stm32f042x6.o
                0x0000000008000000                g_pfnVectors
                0x00000000080000c0                . = ALIGN (0x4)

.text           0x00000000080000c0     0x36f0
                0x00000000080000c0                . = ALIGN (0x4)
 *(.text)
 .text          0x00000000080000c0       0x8c /usr/lib/gcc/arm-none-eabi/9.2.0/thumb/v6-m/nofp/libgcc.a(_udivsi3.o)
                0x00000000080000c0                __udivsi3
                0x00000000080000c0                __aeabi_uidiv
                0x0000000008000138                __aeabi_uidivmod
 .text          0x000000000800014c        0x4 /usr/lib/gcc/arm-none-eabi/9.2.0/thumb/v6-m/nofp/libgcc.a(_dvmd_tls.o)
                0x000000000800014c                __aeabi_ldiv0
                0x000000000800014c                __aeabi_idiv0
 *(.text*)
 .text.__do_global_dtors_aux
                0x0000000008000150       0x28 /usr/lib/gcc/arm-none-eabi/9.2.0/thumb/v6-m/nofp/crtbegin.o
 .text.frame_dummy
                0x0000000008000178       0x20 /usr/lib/gcc/arm-none-eabi/9.2.0/thumb/v6-m/nofp/crtbegin.o
 .text.MX_GPIO_Init
                0x0000000008000198       0x60 build/main.o
 .text.MX_SPI1_Init
                0x00000000080001f8       0x44 build/main.o
 .text.MX_TIM2_Init
                0x000000000800023c       0x54 build/main.o
 .text.MX_CRC_Init
                0x0000000008000290       0x24 build/main.o
 .text.SystemClock_Config
                0x00000000080002b4       0x6c build/main.o
                0x00000000080002b4                SystemClock_Config
 .text.main     0x0000000008000320       0x20 build/main.o
                0x0000000008000320                main
 .text.Error_Handler
                0x0000000008000340        0x2 build/main.o
                0x0000000008000340                Error_Handler
 *fill*         0x0000000008000342        0x2 
 .text.MX_USB_DEVICE_Init
                0x0000000008000344       0x5c build/usb_device.o
                0x0000000008000344                MX_USB_DEVICE_Init
 .text.USBD_Get_USB_Status
                0x00000000080003a0       0x16 build/usbd_conf.o
 .text.SystemClockConfig_Resume
                0x00000000080003b6        0x8 build/usbd_conf.o
 *fill*         0x00000000080003be        0x2 
 .text.HAL_PCD_MspInit
                0x00000000080003c0       0x78 build/usbd_conf.o
                0x00000000080003c0                HAL_PCD_MspInit
 .text.HAL_PCD_SetupStageCallback
                0x0000000008000438       0x14 build/usbd_conf.o
                0x0000000008000438                HAL_PCD_SetupStageCallback
 .text.HAL_PCD_DataOutStageCallback
                0x000000000800044c       0x1e build/usbd_conf.o
                0x000000000800044c                HAL_PCD_DataOutStageCallback
 .text.HAL_PCD_DataInStageCallback
                0x000000000800046a       0x1a build/usbd_conf.o
                0x000000000800046a                HAL_PCD_DataInStageCallback
 .text.HAL_PCD_SOFCallback
                0x0000000008000484        0xe build/usbd_conf.o
                0x0000000008000484                HAL_PCD_SOFCallback
 .text.HAL_PCD_ResetCallback
                0x0000000008000492       0x24 build/usbd_conf.o
                0x0000000008000492                HAL_PCD_ResetCallback
 *fill*         0x00000000080004b6        0x2 
 .text.HAL_PCD_SuspendCallback
                0x00000000080004b8       0x24 build/usbd_conf.o
                0x00000000080004b8                HAL_PCD_SuspendCallback
 .text.HAL_PCD_ResumeCallback
                0x00000000080004dc       0x2c build/usbd_conf.o
                0x00000000080004dc                HAL_PCD_ResumeCallback
 .text.USBD_LL_Init
                0x0000000008000508       0x84 build/usbd_conf.o
                0x0000000008000508                USBD_LL_Init
 .text.USBD_LL_Start
                0x000000000800058c       0x12 build/usbd_conf.o
                0x000000000800058c                USBD_LL_Start
 .text.USBD_LL_OpenEP
                0x000000000800059e       0x18 build/usbd_conf.o
                0x000000000800059e                USBD_LL_OpenEP
 .text.USBD_LL_CloseEP
                0x00000000080005b6       0x12 build/usbd_conf.o
                0x00000000080005b6                USBD_LL_CloseEP
 .text.USBD_LL_StallEP
                0x00000000080005c8       0x12 build/usbd_conf.o
                0x00000000080005c8                USBD_LL_StallEP
 .text.USBD_LL_ClearStallEP
                0x00000000080005da       0x12 build/usbd_conf.o
                0x00000000080005da                USBD_LL_ClearStallEP
 .text.USBD_LL_IsStallEP
                0x00000000080005ec       0x32 build/usbd_conf.o
                0x00000000080005ec                USBD_LL_IsStallEP
 .text.USBD_LL_SetUSBAddress
                0x000000000800061e       0x12 build/usbd_conf.o
                0x000000000800061e                USBD_LL_SetUSBAddress
 .text.USBD_LL_Transmit
                0x0000000008000630       0x12 build/usbd_conf.o
                0x0000000008000630                USBD_LL_Transmit
 .text.USBD_LL_PrepareReceive
                0x0000000008000642       0x12 build/usbd_conf.o
                0x0000000008000642                USBD_LL_PrepareReceive
 .text.USBD_LL_GetRxDataSize
                0x0000000008000654        0xe build/usbd_conf.o
                0x0000000008000654                USBD_LL_GetRxDataSize
 *fill*         0x0000000008000662        0x2 
 .text.USBD_static_malloc
                0x0000000008000664        0x8 build/usbd_conf.o
                0x0000000008000664                USBD_static_malloc
 .text.USBD_static_free
                0x000000000800066c        0x2 build/usbd_conf.o
                0x000000000800066c                USBD_static_free
 *fill*         0x000000000800066e        0x2 
 .text.USBD_FS_DeviceDescriptor
                0x0000000008000670        0xc build/usbd_desc.o
                0x0000000008000670                USBD_FS_DeviceDescriptor
 .text.USBD_FS_LangIDStrDescriptor
                0x000000000800067c        0xc build/usbd_desc.o
                0x000000000800067c                USBD_FS_LangIDStrDescriptor
 .text.IntToUnicode
                0x0000000008000688       0x30 build/usbd_desc.o
 .text.Get_SerialNum
                0x00000000080006b8       0x40 build/usbd_desc.o
 .text.USBD_FS_SerialStrDescriptor
                0x00000000080006f8       0x14 build/usbd_desc.o
                0x00000000080006f8                USBD_FS_SerialStrDescriptor
 .text.USBD_FS_ProductStrDescriptor
                0x000000000800070c       0x28 build/usbd_desc.o
                0x000000000800070c                USBD_FS_ProductStrDescriptor
 .text.USBD_FS_ManufacturerStrDescriptor
                0x0000000008000734       0x1c build/usbd_desc.o
                0x0000000008000734                USBD_FS_ManufacturerStrDescriptor
 .text.USBD_FS_ConfigStrDescriptor
                0x0000000008000750       0x28 build/usbd_desc.o
                0x0000000008000750                USBD_FS_ConfigStrDescriptor
 .text.USBD_FS_InterfaceStrDescriptor
                0x0000000008000778       0x28 build/usbd_desc.o
                0x0000000008000778                USBD_FS_InterfaceStrDescriptor
 .text.CDC_DeInit_FS
                0x00000000080007a0        0x4 build/usbd_cdc_if.o
 .text.CDC_Control_FS
                0x00000000080007a4        0x4 build/usbd_cdc_if.o
 .text.CDC_Receive_FS
                0x00000000080007a8       0x1c build/usbd_cdc_if.o
 .text.CDC_Init_FS
                0x00000000080007c4       0x28 build/usbd_cdc_if.o
 .text.NMI_Handler
                0x00000000080007ec        0x2 build/stm32f0xx_it.o
                0x00000000080007ec                NMI_Handler
 .text.HardFault_Handler
                0x00000000080007ee        0x2 build/stm32f0xx_it.o
                0x00000000080007ee                HardFault_Handler
 .text.SVC_Handler
                0x00000000080007f0        0x2 build/stm32f0xx_it.o
                0x00000000080007f0                SVC_Handler
 .text.PendSV_Handler
                0x00000000080007f2        0x2 build/stm32f0xx_it.o
                0x00000000080007f2                PendSV_Handler
 .text.SysTick_Handler
                0x00000000080007f4        0x8 build/stm32f0xx_it.o
                0x00000000080007f4                SysTick_Handler
 .text.USB_IRQHandler
                0x00000000080007fc       0x10 build/stm32f0xx_it.o
                0x00000000080007fc                USB_IRQHandler
 .text.HAL_MspInit
                0x000000000800080c       0x30 build/stm32f0xx_hal_msp.o
                0x000000000800080c                HAL_MspInit
 .text.HAL_CRC_MspInit
                0x000000000800083c       0x2c build/stm32f0xx_hal_msp.o
                0x000000000800083c                HAL_CRC_MspInit
 .text.HAL_SPI_MspInit
                0x0000000008000868       0x64 build/stm32f0xx_hal_msp.o
                0x0000000008000868                HAL_SPI_MspInit
 .text.HAL_TIM_Base_MspInit
                0x00000000080008cc       0x28 build/stm32f0xx_hal_msp.o
                0x00000000080008cc                HAL_TIM_Base_MspInit
 .text.HAL_PCD_Init
                0x00000000080008f4       0xc0 build/stm32f0xx_hal_pcd.o
                0x00000000080008f4                HAL_PCD_Init
 .text.HAL_PCD_Start
                0x00000000080009b4       0x18 build/stm32f0xx_hal_pcd.o
                0x00000000080009b4                HAL_PCD_Start
 .text.HAL_PCD_SetAddress
                0x00000000080009cc       0x36 build/stm32f0xx_hal_pcd.o
                0x00000000080009cc                HAL_PCD_SetAddress
 *fill*         0x0000000008000a02        0x2 
 .text.HAL_PCD_EP_Open
                0x0000000008000a04      0x390 build/stm32f0xx_hal_pcd.o
                0x0000000008000a04                HAL_PCD_EP_Open
 .text.HAL_PCD_EP_Close
                0x0000000008000d94      0x1f8 build/stm32f0xx_hal_pcd.o
                0x0000000008000d94                HAL_PCD_EP_Close
 .text.HAL_PCD_EP_Receive
                0x0000000008000f8c      0x210 build/stm32f0xx_hal_pcd.o
                0x0000000008000f8c                HAL_PCD_EP_Receive
 .text.HAL_PCD_EP_GetRxCount
                0x000000000800119c       0x16 build/stm32f0xx_hal_pcd.o
                0x000000000800119c                HAL_PCD_EP_GetRxCount
 *fill*         0x00000000080011b2        0x2 
 .text.HAL_PCD_EP_SetStall
                0x00000000080011b4       0xc8 build/stm32f0xx_hal_pcd.o
                0x00000000080011b4                HAL_PCD_EP_SetStall
 .text.HAL_PCD_EP_ClrStall
                0x000000000800127c       0xec build/stm32f0xx_hal_pcd.o
                0x000000000800127c                HAL_PCD_EP_ClrStall
 .text.PCD_WritePMA
                0x0000000008001368       0x28 build/stm32f0xx_hal_pcd.o
                0x0000000008001368                PCD_WritePMA
 .text.HAL_PCD_EP_Transmit
                0x0000000008001390      0x228 build/stm32f0xx_hal_pcd.o
                0x0000000008001390                HAL_PCD_EP_Transmit
 .text.PCD_ReadPMA
                0x00000000080015b8       0x2c build/stm32f0xx_hal_pcd.o
                0x00000000080015b8                PCD_ReadPMA
 .text.PCD_EP_ISR_Handler
                0x00000000080015e4      0x4d8 build/stm32f0xx_hal_pcd.o
 .text.HAL_PCD_IRQHandler
                0x0000000008001abc      0x11c build/stm32f0xx_hal_pcd.o
                0x0000000008001abc                HAL_PCD_IRQHandler
 .text.HAL_PCDEx_PMAConfig
                0x0000000008001bd8       0x3a build/stm32f0xx_hal_pcd_ex.o
                0x0000000008001bd8                HAL_PCDEx_PMAConfig
 .text.HAL_CRC_Init
                0x0000000008001c12       0x62 build/stm32f0xx_hal_crc.o
                0x0000000008001c12                HAL_CRC_Init
 .text.HAL_CRCEx_Init
                0x0000000008001c74        0x4 build/stm32f0xx_hal_crc_ex.o
                0x0000000008001c74                HAL_CRCEx_Init
 .text.HAL_SPI_Init
                0x0000000008001c78       0xcc build/stm32f0xx_hal_spi.o
                0x0000000008001c78                HAL_SPI_Init
 .text.TIM_TI1_ConfigInputStage
                0x0000000008001d44       0x22 build/stm32f0xx_hal_tim.o
 *fill*         0x0000000008001d66        0x2 
 .text.TIM_TI2_ConfigInputStage
                0x0000000008001d68       0x28 build/stm32f0xx_hal_tim.o
 .text.TIM_ITRx_SetConfig
                0x0000000008001d90       0x10 build/stm32f0xx_hal_tim.o
 .text.TIM_Base_SetConfig
                0x0000000008001da0       0x94 build/stm32f0xx_hal_tim.o
                0x0000000008001da0                TIM_Base_SetConfig
 .text.HAL_TIM_Base_Init
                0x0000000008001e34       0x34 build/stm32f0xx_hal_tim.o
                0x0000000008001e34                HAL_TIM_Base_Init
 .text.TIM_ETR_SetConfig
                0x0000000008001e68       0x18 build/stm32f0xx_hal_tim.o
                0x0000000008001e68                TIM_ETR_SetConfig
 .text.HAL_TIM_ConfigClockSource
                0x0000000008001e80      0x118 build/stm32f0xx_hal_tim.o
                0x0000000008001e80                HAL_TIM_ConfigClockSource
 .text.HAL_TIMEx_MasterConfigSynchronization
                0x0000000008001f98       0x4c build/stm32f0xx_hal_tim_ex.o
                0x0000000008001f98                HAL_TIMEx_MasterConfigSynchronization
 .text.HAL_RCC_OscConfig
                0x0000000008001fe4      0x4fc build/stm32f0xx_hal_rcc.o
                0x0000000008001fe4                HAL_RCC_OscConfig
 .text.HAL_RCC_GetSysClockFreq
                0x00000000080024e0       0xa0 build/stm32f0xx_hal_rcc.o
                0x00000000080024e0                HAL_RCC_GetSysClockFreq
 .text.HAL_RCC_ClockConfig
                0x0000000008002580      0x188 build/stm32f0xx_hal_rcc.o
                0x0000000008002580                HAL_RCC_ClockConfig
 .text.HAL_RCC_GetHCLKFreq
                0x0000000008002708        0xc build/stm32f0xx_hal_rcc.o
                0x0000000008002708                HAL_RCC_GetHCLKFreq
 .text.HAL_RCCEx_PeriphCLKConfig
                0x0000000008002714      0x144 build/stm32f0xx_hal_rcc_ex.o
                0x0000000008002714                HAL_RCCEx_PeriphCLKConfig
 .text.HAL_InitTick
                0x0000000008002858       0x24 build/stm32f0xx_hal.o
                0x0000000008002858                HAL_InitTick
 .text.HAL_Init
                0x000000000800287c       0x20 build/stm32f0xx_hal.o
                0x000000000800287c                HAL_Init
 .text.HAL_IncTick
                0x000000000800289c       0x10 build/stm32f0xx_hal.o
                0x000000000800289c                HAL_IncTick
 .text.HAL_GetTick
                0x00000000080028ac        0xc build/stm32f0xx_hal.o
                0x00000000080028ac                HAL_GetTick
 .text.HAL_GPIO_Init
                0x00000000080028b8      0x1a0 build/stm32f0xx_hal_gpio.o
                0x00000000080028b8                HAL_GPIO_Init
 .text.HAL_NVIC_SetPriority
                0x0000000008002a58       0x60 build/stm32f0xx_hal_cortex.o
                0x0000000008002a58                HAL_NVIC_SetPriority
 .text.HAL_NVIC_EnableIRQ
                0x0000000008002ab8       0x14 build/stm32f0xx_hal_cortex.o
                0x0000000008002ab8                HAL_NVIC_EnableIRQ
 .text.HAL_SYSTICK_Config
                0x0000000008002acc       0x38 build/stm32f0xx_hal_cortex.o
                0x0000000008002acc                HAL_SYSTICK_Config
 .text.SystemInit
                0x0000000008002b04       0x60 build/system_stm32f0xx.o
                0x0000000008002b04                SystemInit
 .text.USBD_Init
                0x0000000008002b64       0x38 build/usbd_core.o
                0x0000000008002b64                USBD_Init
 .text.USBD_RegisterClass
                0x0000000008002b9c       0x12 build/usbd_core.o
                0x0000000008002b9c                USBD_RegisterClass
 .text.USBD_Start
                0x0000000008002bae        0xa build/usbd_core.o
                0x0000000008002bae                USBD_Start
 .text.USBD_SetClassConfig
                0x0000000008002bb8       0x1e build/usbd_core.o
                0x0000000008002bb8                USBD_SetClassConfig
 .text.USBD_ClrClassConfig
                0x0000000008002bd6       0x10 build/usbd_core.o
                0x0000000008002bd6                USBD_ClrClassConfig
 *fill*         0x0000000008002be6        0x2 
 .text.USBD_LL_SetupStage
                0x0000000008002be8       0x68 build/usbd_core.o
                0x0000000008002be8                USBD_LL_SetupStage
 .text.USBD_LL_DataOutStage
                0x0000000008002c50       0x7a build/usbd_core.o
                0x0000000008002c50                USBD_LL_DataOutStage
 .text.USBD_LL_DataInStage
                0x0000000008002cca       0xc4 build/usbd_core.o
                0x0000000008002cca                USBD_LL_DataInStage
 .text.USBD_LL_Reset
                0x0000000008002d8e       0x46 build/usbd_core.o
                0x0000000008002d8e                USBD_LL_Reset
 .text.USBD_LL_SetSpeed
                0x0000000008002dd4        0x6 build/usbd_core.o
                0x0000000008002dd4                USBD_LL_SetSpeed
 .text.USBD_LL_Suspend
                0x0000000008002dda       0x16 build/usbd_core.o
                0x0000000008002dda                USBD_LL_Suspend
 .text.USBD_LL_Resume
                0x0000000008002df0        0xe build/usbd_core.o
                0x0000000008002df0                USBD_LL_Resume
 .text.USBD_LL_SOF
                0x0000000008002dfe       0x20 build/usbd_core.o
                0x0000000008002dfe                USBD_LL_SOF
 .text.USBD_GetLen
                0x0000000008002e1e       0x14 build/usbd_ctlreq.o
 .text.USBD_SetFeature
                0x0000000008002e32       0x24 build/usbd_ctlreq.o
 .text.USBD_ParseSetupRequest
                0x0000000008002e56       0x28 build/usbd_ctlreq.o
                0x0000000008002e56                USBD_ParseSetupRequest
 .text.USBD_CtlError
                0x0000000008002e7e       0x14 build/usbd_ctlreq.o
                0x0000000008002e7e                USBD_CtlError
 *fill*         0x0000000008002e92        0x2 
 .text.USBD_GetDescriptor
                0x0000000008002e94      0x15c build/usbd_ctlreq.o
 .text.USBD_SetAddress
                0x0000000008002ff0       0x58 build/usbd_ctlreq.o
 .text.USBD_SetConfig
                0x0000000008003048       0xb0 build/usbd_ctlreq.o
 .text.USBD_GetConfig
                0x00000000080030f8       0x3c build/usbd_ctlreq.o
 .text.USBD_GetStatus
                0x0000000008003134       0x32 build/usbd_ctlreq.o
 .text.USBD_ClrFeature
                0x0000000008003166       0x34 build/usbd_ctlreq.o
 *fill*         0x000000000800319a        0x2 
 .text.USBD_StdDevReq
                0x000000000800319c       0x48 build/usbd_ctlreq.o
                0x000000000800319c                USBD_StdDevReq
 .text.USBD_StdItfReq
                0x00000000080031e4       0x3c build/usbd_ctlreq.o
                0x00000000080031e4                USBD_StdItfReq
 .text.USBD_StdEPReq
                0x0000000008003220      0x13e build/usbd_ctlreq.o
                0x0000000008003220                USBD_StdEPReq
 .text.USBD_GetString
                0x000000000800335e       0x3c build/usbd_ctlreq.o
                0x000000000800335e                USBD_GetString
 .text.USBD_CtlSendData
                0x000000000800339a       0x1c build/usbd_ioreq.o
                0x000000000800339a                USBD_CtlSendData
 .text.USBD_CtlContinueSendData
                0x00000000080033b6       0x10 build/usbd_ioreq.o
                0x00000000080033b6                USBD_CtlContinueSendData
 .text.USBD_CtlPrepareRx
                0x00000000080033c6       0x20 build/usbd_ioreq.o
                0x00000000080033c6                USBD_CtlPrepareRx
 .text.USBD_CtlContinueRx
                0x00000000080033e6       0x10 build/usbd_ioreq.o
                0x00000000080033e6                USBD_CtlContinueRx
 .text.USBD_CtlSendStatus
                0x00000000080033f6       0x18 build/usbd_ioreq.o
                0x00000000080033f6                USBD_CtlSendStatus
 .text.USBD_CtlReceiveStatus
                0x000000000800340e       0x18 build/usbd_ioreq.o
                0x000000000800340e                USBD_CtlReceiveStatus
 .text.USBD_CDC_DataIn
                0x0000000008003426       0x1a build/usbd_cdc.o
 .text.USBD_CDC_EP0_RxReady
                0x0000000008003440       0x34 build/usbd_cdc.o
 .text.USBD_CDC_GetFSCfgDesc
                0x0000000008003474        0xc build/usbd_cdc.o
 .text.USBD_CDC_GetHSCfgDesc
                0x0000000008003480        0xc build/usbd_cdc.o
 .text.USBD_CDC_GetOtherSpeedCfgDesc
                0x000000000800348c        0xc build/usbd_cdc.o
 .text.USBD_CDC_GetDeviceQualifierDescriptor
                0x0000000008003498        0xc build/usbd_cdc.o
                0x0000000008003498                USBD_CDC_GetDeviceQualifierDescriptor
 .text.USBD_CDC_DataOut
                0x00000000080034a4       0x36 build/usbd_cdc.o
 *fill*         0x00000000080034da        0x2 
 .text.USBD_CDC_Setup
                0x00000000080034dc       0x88 build/usbd_cdc.o
 .text.USBD_CDC_DeInit
                0x0000000008003564       0x40 build/usbd_cdc.o
 .text.USBD_CDC_Init
                0x00000000080035a4       0xa4 build/usbd_cdc.o
 .text.USBD_CDC_RegisterInterface
                0x0000000008003648       0x12 build/usbd_cdc.o
                0x0000000008003648                USBD_CDC_RegisterInterface
 .text.USBD_CDC_SetTxBuffer
                0x000000000800365a       0x16 build/usbd_cdc.o
                0x000000000800365a                USBD_CDC_SetTxBuffer
 .text.USBD_CDC_SetRxBuffer
                0x0000000008003670        0xe build/usbd_cdc.o
                0x0000000008003670                USBD_CDC_SetRxBuffer
 .text.USBD_CDC_ReceivePacket
                0x000000000800367e       0x3c build/usbd_cdc.o
                0x000000000800367e                USBD_CDC_ReceivePacket
 *fill*         0x00000000080036ba        0x2 
 .text.Reset_Handler
                0x00000000080036bc       0x80 build/startup_stm32f042x6.o
                0x00000000080036bc                Reset_Handler
 .text.Default_Handler
                0x000000000800373c        0x2 build/startup_stm32f042x6.o
                0x000000000800373c                TIM1_CC_IRQHandler
                0x000000000800373c                TSC_IRQHandler
                0x000000000800373c                I2C1_IRQHandler
                0x000000000800373c                RCC_CRS_IRQHandler
                0x000000000800373c                SPI1_IRQHandler
                0x000000000800373c                EXTI2_3_IRQHandler
                0x000000000800373c                ADC1_IRQHandler
                0x000000000800373c                TIM17_IRQHandler
                0x000000000800373c                CEC_CAN_IRQHandler
                0x000000000800373c                RTC_IRQHandler
                0x000000000800373c                PVD_VDDIO2_IRQHandler
                0x000000000800373c                TIM16_IRQHandler
                0x000000000800373c                TIM3_IRQHandler
                0x000000000800373c                EXTI4_15_IRQHandler
                0x000000000800373c                DMA1_Channel1_IRQHandler
                0x000000000800373c                Default_Handler
                0x000000000800373c                TIM14_IRQHandler
                0x000000000800373c                DMA1_Channel4_5_IRQHandler
                0x000000000800373c                EXTI0_1_IRQHandler
                0x000000000800373c                SPI2_IRQHandler
                0x000000000800373c                WWDG_IRQHandler
                0x000000000800373c                TIM2_IRQHandler
                0x000000000800373c                DMA1_Channel2_3_IRQHandler
                0x000000000800373c                USART2_IRQHandler
                0x000000000800373c                FLASH_IRQHandler
                0x000000000800373c                USART1_IRQHandler
                0x000000000800373c                TIM1_BRK_UP_TRG_COM_IRQHandler
 *fill*         0x000000000800373e        0x2 
 .text.__libc_init_array
                0x0000000008003740       0x48 /usr/lib/gcc/arm-none-eabi/9.2.0/../../../../arm-none-eabi/lib/thumb/v6-m/nofp/libc_nano.a(lib_a-init.o)
                0x0000000008003740                __libc_init_array
 .text.memset   0x0000000008003788       0x10 /usr/lib/gcc/arm-none-eabi/9.2.0/../../../../arm-none-eabi/lib/thumb/v6-m/nofp/libc_nano.a(lib_a-memset.o)
                0x0000000008003788                memset
 *(.glue_7)
 .glue_7        0x0000000008003798        0x0 linker stubs
 *(.glue_7t)
 .glue_7t       0x0000000008003798        0x0 linker stubs
 *(.eh_frame)
 .eh_frame      0x0000000008003798        0x0 /usr/lib/gcc/arm-none-eabi/9.2.0/thumb/v6-m/nofp/crtbegin.o
 *(.init)
 .init          0x0000000008003798        0x4 /usr/lib/gcc/arm-none-eabi/9.2.0/thumb/v6-m/nofp/crti.o
                0x0000000008003798                _init
 .init          0x000000000800379c        0x8 /usr/lib/gcc/arm-none-eabi/9.2.0/thumb/v6-m/nofp/crtn.o
 *(.fini)
 .fini          0x00000000080037a4        0x4 /usr/lib/gcc/arm-none-eabi/9.2.0/thumb/v6-m/nofp/crti.o
                0x00000000080037a4                _fini
 .fini          0x00000000080037a8        0x8 /usr/lib/gcc/arm-none-eabi/9.2.0/thumb/v6-m/nofp/crtn.o
                0x00000000080037b0                . = ALIGN (0x4)
                0x00000000080037b0                _etext = .

.vfp11_veneer   0x00000000080037b0        0x0
 .vfp11_veneer  0x00000000080037b0        0x0 linker stubs

.v4_bx          0x00000000080037b0        0x0
 .v4_bx         0x00000000080037b0        0x0 linker stubs

.iplt           0x00000000080037b0        0x0
 .iplt          0x00000000080037b0        0x0 /usr/lib/gcc/arm-none-eabi/9.2.0/thumb/v6-m/nofp/crtbegin.o

.rodata         0x00000000080037b0       0xc8
                0x00000000080037b0                . = ALIGN (0x4)
 *(.rodata)
 *(.rodata*)
 .rodata.USBD_FS_ProductStrDescriptor.str1.4
                0x00000000080037b0        0xb build/usbd_desc.o
 *fill*         0x00000000080037bb        0x1 
 .rodata.USBD_FS_ManufacturerStrDescriptor.str1.4
                0x00000000080037bc        0x8 build/usbd_desc.o
 .rodata.USBD_FS_ConfigStrDescriptor.str1.4
                0x00000000080037c4        0xb build/usbd_desc.o
 *fill*         0x00000000080037cf        0x1 
 .rodata.USBD_FS_InterfaceStrDescriptor.str1.4
                0x00000000080037d0        0xe build/usbd_desc.o
 *fill*         0x00000000080037de        0x2 
 .rodata.HAL_RCC_GetSysClockFreq.str1.4
                0x00000000080037e0       0x25 build/stm32f0xx_hal_rcc.o
 *fill*         0x0000000008003805        0x3 
 .rodata.AHBPrescTable
                0x0000000008003808       0x10 build/system_stm32f0xx.o
                0x0000000008003808                AHBPrescTable
 .rodata.USBD_GetDescriptor
                0x0000000008003818       0x38 build/usbd_ctlreq.o
 .rodata.USBD_StdDevReq
                0x0000000008003850       0x28 build/usbd_ctlreq.o
                0x0000000008003878                . = ALIGN (0x4)

.rel.dyn        0x0000000008003878        0x0
 .rel.iplt      0x0000000008003878        0x0 /usr/lib/gcc/arm-none-eabi/9.2.0/thumb/v6-m/nofp/crtbegin.o

.ARM.extab
 *(.ARM.extab* .gnu.linkonce.armextab.*)

.ARM            0x0000000008003878        0x0
                0x0000000008003878                __exidx_start = .
 *(.ARM.exidx*)
                0x0000000008003878                __exidx_end = .

.preinit_array  0x0000000008003878        0x0
                0x0000000008003878                PROVIDE (__preinit_array_start = .)
 *(.preinit_array*)
                0x0000000008003878                PROVIDE (__preinit_array_end = .)

.init_array     0x0000000008003878        0x4
                0x0000000008003878                PROVIDE (__init_array_start = .)
 *(SORT_BY_NAME(.init_array.*))
 *(.init_array*)
 .init_array    0x0000000008003878        0x4 /usr/lib/gcc/arm-none-eabi/9.2.0/thumb/v6-m/nofp/crtbegin.o
                0x000000000800387c                PROVIDE (__init_array_end = .)

.fini_array     0x000000000800387c        0x4
                0x000000000800387c                PROVIDE (__fini_array_start = .)
 *(SORT_BY_NAME(.fini_array.*))
 *(.fini_array*)
 .fini_array    0x000000000800387c        0x4 /usr/lib/gcc/arm-none-eabi/9.2.0/thumb/v6-m/nofp/crtbegin.o
                0x0000000008003880                PROVIDE (__fini_array_end = .)
                0x0000000008003880                _sidata = LOADADDR (.data)

.data           0x0000000020000000      0x174 load address 0x0000000008003880
                0x0000000020000000                . = ALIGN (0x4)
                0x0000000020000000                _sdata = .
 *(.data)
 *(.data*)
 .data.FS_Desc  0x0000000020000000       0x1c build/usbd_desc.o
                0x0000000020000000                FS_Desc
 .data.USBD_FS_DeviceDesc
                0x000000002000001c       0x12 build/usbd_desc.o
                0x000000002000001c                USBD_FS_DeviceDesc
 *fill*         0x000000002000002e        0x2 
 .data.USBD_LangIDDesc
                0x0000000020000030        0x4 build/usbd_desc.o
                0x0000000020000030                USBD_LangIDDesc
 .data.USBD_StringSerial
                0x0000000020000034       0x1a build/usbd_desc.o
                0x0000000020000034                USBD_StringSerial
 *fill*         0x000000002000004e        0x2 
 .data.USBD_Interface_fops_FS
                0x0000000020000050       0x10 build/usbd_cdc_if.o
                0x0000000020000050                USBD_Interface_fops_FS
 .data.SystemCoreClock
                0x0000000020000060        0x4 build/system_stm32f0xx.o
                0x0000000020000060                SystemCoreClock
 .data.USBD_CDC
                0x0000000020000064       0x38 build/usbd_cdc.o
                0x0000000020000064                USBD_CDC
 .data.USBD_CDC_CfgFSDesc
                0x000000002000009c       0x43 build/usbd_cdc.o
                0x000000002000009c                USBD_CDC_CfgFSDesc
 *fill*         0x00000000200000df        0x1 
 .data.USBD_CDC_CfgHSDesc
                0x00000000200000e0       0x43 build/usbd_cdc.o
                0x00000000200000e0                USBD_CDC_CfgHSDesc
 *fill*         0x0000000020000123        0x1 
 .data.USBD_CDC_DeviceQualifierDesc
                0x0000000020000124        0xa build/usbd_cdc.o
 *fill*         0x000000002000012e        0x2 
 .data.USBD_CDC_OtherSpeedCfgDesc
                0x0000000020000130       0x43 build/usbd_cdc.o
                0x0000000020000130                USBD_CDC_OtherSpeedCfgDesc
                0x0000000020000174                . = ALIGN (0x4)
 *fill*         0x0000000020000173        0x1 
                0x0000000020000174                _edata = .

.igot.plt       0x0000000020000174        0x0 load address 0x00000000080039f4
 .igot.plt      0x0000000020000174        0x0 /usr/lib/gcc/arm-none-eabi/9.2.0/thumb/v6-m/nofp/crtbegin.o
                0x0000000020000174                . = ALIGN (0x4)

.bss            0x0000000020000174      0xf90 load address 0x00000000080039f4
                0x0000000020000174                _sbss = .
                0x0000000020000174                __bss_start__ = _sbss
 *(.bss)
 *(.bss*)
 .bss.completed.8891
                0x0000000020000174        0x1 /usr/lib/gcc/arm-none-eabi/9.2.0/thumb/v6-m/nofp/crtbegin.o
 *fill*         0x0000000020000175        0x3 
 .bss.object.8896
                0x0000000020000178       0x18 /usr/lib/gcc/arm-none-eabi/9.2.0/thumb/v6-m/nofp/crtbegin.o
 .bss.mem.8279  0x0000000020000190      0x220 build/usbd_conf.o
 .bss.cfgidx.8190
                0x00000000200003b0        0x1 build/usbd_ctlreq.o
 .bss.ifalt.8185
                0x00000000200003b1        0x1 build/usbd_cdc.o
 *(COMMON)
 *fill*         0x00000000200003b2        0x2 
 COMMON         0x00000000200003b4       0xc8 build/main.o
                0x00000000200003b4                hcrc
                0x00000000200003d8                hspi1
                0x000000002000043c                htim2
 COMMON         0x000000002000047c      0x224 build/usb_device.o
                0x000000002000047c                hUsbDeviceFS
 COMMON         0x00000000200006a0      0x220 build/usbd_conf.o
                0x00000000200006a0                hpcd_USB_FS
 COMMON         0x00000000200008c0      0x200 build/usbd_desc.o
                0x00000000200008c0                USBD_StrDesc
 COMMON         0x0000000020000ac0      0x640 build/usbd_cdc_if.o
                0x0000000020000ac0                UserRxBufferFS
                0x0000000020000de0                UserTxBufferFS
 COMMON         0x0000000020001100        0x4 build/stm32f0xx_hal.o
                0x0000000020001100                uwTick
                0x0000000020001104                . = ALIGN (0x4)
                0x0000000020001104                _ebss = .
                0x0000000020001104                __bss_end__ = _ebss

._user_heap_stack
                0x0000000020001104      0x604 load address 0x00000000080039f4
                0x0000000020001108                . = ALIGN (0x8)
 *fill*         0x0000000020001104        0x4 
                [!provide]                        PROVIDE (end = .)
                [!provide]                        PROVIDE (_end = .)
                0x0000000020001308                . = (. + _Min_Heap_Size)
 *fill*         0x0000000020001108      0x200 
                0x0000000020001708                . = (. + _Min_Stack_Size)
 *fill*         0x0000000020001308      0x400 
                0x0000000020001708                . = ALIGN (0x8)

/DISCARD/
 libc.a(*)
 libm.a(*)
 libgcc.a(*)

.ARM.attributes
                0x0000000000000000       0x28
 *(.ARM.attributes)
 .ARM.attributes
                0x0000000000000000       0x1e /usr/lib/gcc/arm-none-eabi/9.2.0/thumb/v6-m/nofp/crti.o
 .ARM.attributes
                0x000000000000001e       0x2c /usr/lib/gcc/arm-none-eabi/9.2.0/thumb/v6-m/nofp/crtbegin.o
 .ARM.attributes
                0x000000000000004a       0x2c build/main.o
 .ARM.attributes
                0x0000000000000076       0x2c build/usb_device.o
 .ARM.attributes
                0x00000000000000a2       0x2c build/usbd_conf.o
 .ARM.attributes
                0x00000000000000ce       0x2c build/usbd_desc.o
 .ARM.attributes
                0x00000000000000fa       0x2c build/usbd_cdc_if.o
 .ARM.attributes
                0x0000000000000126       0x2c build/stm32f0xx_it.o
 .ARM.attributes
                0x0000000000000152       0x2c build/stm32f0xx_hal_msp.o
 .ARM.attributes
                0x000000000000017e       0x2c build/stm32f0xx_hal_pcd.o
 .ARM.attributes
                0x00000000000001aa       0x2c build/stm32f0xx_hal_pcd_ex.o
 .ARM.attributes
                0x00000000000001d6       0x2c build/stm32f0xx_hal_crc.o
 .ARM.attributes
                0x0000000000000202       0x2c build/stm32f0xx_hal_crc_ex.o
 .ARM.attributes
                0x000000000000022e       0x2c build/stm32f0xx_hal_spi.o
 .ARM.attributes
                0x000000000000025a       0x2c build/stm32f0xx_hal_tim.o
 .ARM.attributes
                0x0000000000000286       0x2c build/stm32f0xx_hal_tim_ex.o
 .ARM.attributes
                0x00000000000002b2       0x2c build/stm32f0xx_hal_rcc.o
 .ARM.attributes
                0x00000000000002de       0x2c build/stm32f0xx_hal_rcc_ex.o
 .ARM.attributes
                0x000000000000030a       0x2c build/stm32f0xx_hal.o
 .ARM.attributes
                0x0000000000000336       0x2c build/stm32f0xx_hal_gpio.o
 .ARM.attributes
                0x0000000000000362       0x2c build/stm32f0xx_hal_cortex.o
 .ARM.attributes
                0x000000000000038e       0x2c build/system_stm32f0xx.o
 .ARM.attributes
                0x00000000000003ba       0x2c build/usbd_core.o
 .ARM.attributes
                0x00000000000003e6       0x2c build/usbd_ctlreq.o
 .ARM.attributes
                0x0000000000000412       0x2c build/usbd_ioreq.o
 .ARM.attributes
                0x000000000000043e       0x2c build/usbd_cdc.o
 .ARM.attributes
                0x000000000000046a       0x21 build/startup_stm32f042x6.o
 .ARM.attributes
                0x000000000000048b       0x2c /usr/lib/gcc/arm-none-eabi/9.2.0/../../../../arm-none-eabi/lib/thumb/v6-m/nofp/libc_nano.a(lib_a-init.o)
 .ARM.attributes
                0x00000000000004b7       0x2c /usr/lib/gcc/arm-none-eabi/9.2.0/../../../../arm-none-eabi/lib/thumb/v6-m/nofp/libc_nano.a(lib_a-memset.o)
 .ARM.attributes
                0x00000000000004e3       0x1e /usr/lib/gcc/arm-none-eabi/9.2.0/thumb/v6-m/nofp/libgcc.a(_udivsi3.o)
 .ARM.attributes
                0x0000000000000501       0x1e /usr/lib/gcc/arm-none-eabi/9.2.0/thumb/v6-m/nofp/libgcc.a(_dvmd_tls.o)
 .ARM.attributes
                0x000000000000051f       0x1e /usr/lib/gcc/arm-none-eabi/9.2.0/thumb/v6-m/nofp/crtn.o
OUTPUT(build/yeti_can.elf elf32-littlearm)

.debug_info     0x0000000000000000    0x23e16
 .debug_info    0x0000000000000000     0x1d64 build/main.o
 .debug_info    0x0000000000001d64     0x110c build/usb_device.o
 .debug_info    0x0000000000002e70     0x273f build/usbd_conf.o
 .debug_info    0x00000000000055af     0x1011 build/usbd_desc.o
 .debug_info    0x00000000000065c0     0x1326 build/usbd_cdc_if.o
 .debug_info    0x00000000000078e6     0x1016 build/stm32f0xx_it.o
 .debug_info    0x00000000000088fc     0x191c build/stm32f0xx_hal_msp.o
 .debug_info    0x000000000000a218     0x2063 build/stm32f0xx_hal_pcd.o
 .debug_info    0x000000000000c27b     0x100b build/stm32f0xx_hal_pcd_ex.o
 .debug_info    0x000000000000d286     0x1019 build/stm32f0xx_hal_crc.o
 .debug_info    0x000000000000e29f      0xd67 build/stm32f0xx_hal_crc_ex.o
 .debug_info    0x000000000000f006     0x2b7e build/stm32f0xx_hal_spi.o
 .debug_info    0x0000000000011b84     0x405a build/stm32f0xx_hal_tim.o
 .debug_info    0x0000000000015bde     0x1f5b build/stm32f0xx_hal_tim_ex.o
 .debug_info    0x0000000000017b39     0x1456 build/stm32f0xx_hal_rcc.o
 .debug_info    0x0000000000018f8f     0x116c build/stm32f0xx_hal_rcc_ex.o
 .debug_info    0x000000000001a0fb     0x10d5 build/stm32f0xx_hal.o
 .debug_info    0x000000000001b1d0     0x10ce build/stm32f0xx_hal_gpio.o
 .debug_info    0x000000000001c29e     0x1299 build/stm32f0xx_hal_cortex.o
 .debug_info    0x000000000001d537      0xc2f build/system_stm32f0xx.o
 .debug_info    0x000000000001e166     0x17d9 build/usbd_core.o
 .debug_info    0x000000000001f93f     0x19a0 build/usbd_ctlreq.o
 .debug_info    0x00000000000212df     0x124e build/usbd_ioreq.o
 .debug_info    0x000000000002252d     0x18c7 build/usbd_cdc.o
 .debug_info    0x0000000000023df4       0x22 build/startup_stm32f042x6.o

.debug_abbrev   0x0000000000000000     0x47ad
 .debug_abbrev  0x0000000000000000      0x30d build/main.o
 .debug_abbrev  0x000000000000030d      0x221 build/usb_device.o
 .debug_abbrev  0x000000000000052e      0x3ae build/usbd_conf.o
 .debug_abbrev  0x00000000000008dc      0x319 build/usbd_desc.o
 .debug_abbrev  0x0000000000000bf5      0x30c build/usbd_cdc_if.o
 .debug_abbrev  0x0000000000000f01      0x241 build/stm32f0xx_it.o
 .debug_abbrev  0x0000000000001142      0x2a8 build/stm32f0xx_hal_msp.o
 .debug_abbrev  0x00000000000013ea      0x3e1 build/stm32f0xx_hal_pcd.o
 .debug_abbrev  0x00000000000017cb      0x21e build/stm32f0xx_hal_pcd_ex.o
 .debug_abbrev  0x00000000000019e9      0x2ff build/stm32f0xx_hal_crc.o
 .debug_abbrev  0x0000000000001ce8      0x217 build/stm32f0xx_hal_crc_ex.o
 .debug_abbrev  0x0000000000001eff      0x37a build/stm32f0xx_hal_spi.o
 .debug_abbrev  0x0000000000002279      0x360 build/stm32f0xx_hal_tim.o
 .debug_abbrev  0x00000000000025d9      0x346 build/stm32f0xx_hal_tim_ex.o
 .debug_abbrev  0x000000000000291f      0x32a build/stm32f0xx_hal_rcc.o
 .debug_abbrev  0x0000000000002c49      0x321 build/stm32f0xx_hal_rcc_ex.o
 .debug_abbrev  0x0000000000002f6a      0x320 build/stm32f0xx_hal.o
 .debug_abbrev  0x000000000000328a      0x30a build/stm32f0xx_hal_gpio.o
 .debug_abbrev  0x0000000000003594      0x395 build/stm32f0xx_hal_cortex.o
 .debug_abbrev  0x0000000000003929      0x21a build/system_stm32f0xx.o
 .debug_abbrev  0x0000000000003b43      0x32d build/usbd_core.o
 .debug_abbrev  0x0000000000003e70      0x380 build/usbd_ctlreq.o
 .debug_abbrev  0x00000000000041f0      0x222 build/usbd_ioreq.o
 .debug_abbrev  0x0000000000004412      0x389 build/usbd_cdc.o
 .debug_abbrev  0x000000000000479b       0x12 build/startup_stm32f042x6.o

.debug_loc      0x0000000000000000     0xf9a2
 .debug_loc     0x0000000000000000       0xe5 build/main.o
 .debug_loc     0x00000000000000e5       0x20 build/usb_device.o
 .debug_loc     0x0000000000000105      0xfd4 build/usbd_conf.o
 .debug_loc     0x00000000000010d9      0x45d build/usbd_desc.o
 .debug_loc     0x0000000000001536      0x1cf build/usbd_cdc_if.o
 .debug_loc     0x0000000000001705       0x40 build/stm32f0xx_it.o
 .debug_loc     0x0000000000001745      0x12d build/stm32f0xx_hal_msp.o
 .debug_loc     0x0000000000001872     0x1741 build/stm32f0xx_hal_pcd.o
 .debug_loc     0x0000000000002fb3      0x14a build/stm32f0xx_hal_pcd_ex.o
 .debug_loc     0x00000000000030fd      0x6a4 build/stm32f0xx_hal_crc.o
 .debug_loc     0x00000000000037a1       0xaf build/stm32f0xx_hal_crc_ex.o
 .debug_loc     0x0000000000003850     0x26cc build/stm32f0xx_hal_spi.o
 .debug_loc     0x0000000000005f1c     0x460f build/stm32f0xx_hal_tim.o
 .debug_loc     0x000000000000a52b     0x1645 build/stm32f0xx_hal_tim_ex.o
 .debug_loc     0x000000000000bb70      0x74c build/stm32f0xx_hal_rcc.o
 .debug_loc     0x000000000000c2bc      0x856 build/stm32f0xx_hal_rcc_ex.o
 .debug_loc     0x000000000000cb12      0x118 build/stm32f0xx_hal.o
 .debug_loc     0x000000000000cc2a      0x460 build/stm32f0xx_hal_gpio.o
 .debug_loc     0x000000000000d08a      0x449 build/stm32f0xx_hal_cortex.o
 .debug_loc     0x000000000000d4d3      0x177 build/system_stm32f0xx.o
 .debug_loc     0x000000000000d64a      0xa02 build/usbd_core.o
 .debug_loc     0x000000000000e04c      0xe90 build/usbd_ctlreq.o
 .debug_loc     0x000000000000eedc      0x364 build/usbd_ioreq.o
 .debug_loc     0x000000000000f240      0x762 build/usbd_cdc.o

.debug_aranges  0x0000000000000000     0x1020
 .debug_aranges
                0x0000000000000000       0x50 build/main.o
 .debug_aranges
                0x0000000000000050       0x20 build/usb_device.o
 .debug_aranges
                0x0000000000000070      0x118 build/usbd_conf.o
 .debug_aranges
                0x0000000000000188       0x60 build/usbd_desc.o
 .debug_aranges
                0x00000000000001e8       0x40 build/usbd_cdc_if.o
 .debug_aranges
                0x0000000000000228       0x48 build/stm32f0xx_it.o
 .debug_aranges
                0x0000000000000270       0x50 build/stm32f0xx_hal_msp.o
 .debug_aranges
                0x00000000000002c0      0x130 build/stm32f0xx_hal_pcd.o
 .debug_aranges
                0x00000000000003f0       0x20 build/stm32f0xx_hal_pcd_ex.o
 .debug_aranges
                0x0000000000000410       0x60 build/stm32f0xx_hal_crc.o
 .debug_aranges
                0x0000000000000470       0x30 build/stm32f0xx_hal_crc_ex.o
 .debug_aranges
                0x00000000000004a0      0x1d8 build/stm32f0xx_hal_spi.o
 .debug_aranges
                0x0000000000000678      0x378 build/stm32f0xx_hal_tim.o
 .debug_aranges
                0x00000000000009f0      0x140 build/stm32f0xx_hal_tim_ex.o
 .debug_aranges
                0x0000000000000b30       0x80 build/stm32f0xx_hal_rcc.o
 .debug_aranges
                0x0000000000000bb0       0x78 build/stm32f0xx_hal_rcc_ex.o
 .debug_aranges
                0x0000000000000c28       0xb8 build/stm32f0xx_hal.o
 .debug_aranges
                0x0000000000000ce0       0x58 build/stm32f0xx_hal_gpio.o
 .debug_aranges
                0x0000000000000d38       0x78 build/stm32f0xx_hal_cortex.o
 .debug_aranges
                0x0000000000000db0       0x28 build/system_stm32f0xx.o
 .debug_aranges
                0x0000000000000dd8       0xb8 build/usbd_core.o
 .debug_aranges
                0x0000000000000e90       0x88 build/usbd_ctlreq.o
 .debug_aranges
                0x0000000000000f18       0x50 build/usbd_ioreq.o
 .debug_aranges
                0x0000000000000f68       0x90 build/usbd_cdc.o
 .debug_aranges
                0x0000000000000ff8       0x28 build/startup_stm32f042x6.o

.debug_ranges   0x0000000000000000     0x1000
 .debug_ranges  0x0000000000000000       0x40 build/main.o
 .debug_ranges  0x0000000000000040       0x10 build/usb_device.o
 .debug_ranges  0x0000000000000050      0x108 build/usbd_conf.o
 .debug_ranges  0x0000000000000158       0x50 build/usbd_desc.o
 .debug_ranges  0x00000000000001a8       0x30 build/usbd_cdc_if.o
 .debug_ranges  0x00000000000001d8       0x38 build/stm32f0xx_it.o
 .debug_ranges  0x0000000000000210       0x40 build/stm32f0xx_hal_msp.o
 .debug_ranges  0x0000000000000250      0x210 build/stm32f0xx_hal_pcd.o
 .debug_ranges  0x0000000000000460       0x10 build/stm32f0xx_hal_pcd_ex.o
 .debug_ranges  0x0000000000000470       0x50 build/stm32f0xx_hal_crc.o
 .debug_ranges  0x00000000000004c0       0x20 build/stm32f0xx_hal_crc_ex.o
 .debug_ranges  0x00000000000004e0      0x1c8 build/stm32f0xx_hal_spi.o
 .debug_ranges  0x00000000000006a8      0x368 build/stm32f0xx_hal_tim.o
 .debug_ranges  0x0000000000000a10      0x130 build/stm32f0xx_hal_tim_ex.o
 .debug_ranges  0x0000000000000b40       0x88 build/stm32f0xx_hal_rcc.o
 .debug_ranges  0x0000000000000bc8       0x80 build/stm32f0xx_hal_rcc_ex.o
 .debug_ranges  0x0000000000000c48       0xa8 build/stm32f0xx_hal.o
 .debug_ranges  0x0000000000000cf0       0x48 build/stm32f0xx_hal_gpio.o
 .debug_ranges  0x0000000000000d38       0xb0 build/stm32f0xx_hal_cortex.o
 .debug_ranges  0x0000000000000de8       0x18 build/system_stm32f0xx.o
 .debug_ranges  0x0000000000000e00       0xa8 build/usbd_core.o
 .debug_ranges  0x0000000000000ea8       0x78 build/usbd_ctlreq.o
 .debug_ranges  0x0000000000000f20       0x40 build/usbd_ioreq.o
 .debug_ranges  0x0000000000000f60       0x80 build/usbd_cdc.o
 .debug_ranges  0x0000000000000fe0       0x20 build/startup_stm32f042x6.o

.debug_line     0x0000000000000000     0xe479
 .debug_line    0x0000000000000000      0x50a build/main.o
 .debug_line    0x000000000000050a      0x25e build/usb_device.o
 .debug_line    0x0000000000000768      0x8d9 build/usbd_conf.o
 .debug_line    0x0000000000001041      0x3bc build/usbd_desc.o
 .debug_line    0x00000000000013fd      0x2a0 build/usbd_cdc_if.o
 .debug_line    0x000000000000169d      0x22f build/stm32f0xx_it.o
 .debug_line    0x00000000000018cc      0x36a build/stm32f0xx_hal_msp.o
 .debug_line    0x0000000000001c36     0x13bd build/stm32f0xx_hal_pcd.o
 .debug_line    0x0000000000002ff3      0x226 build/stm32f0xx_hal_pcd_ex.o
 .debug_line    0x0000000000003219      0x65e build/stm32f0xx_hal_crc.o
 .debug_line    0x0000000000003877      0x22b build/stm32f0xx_hal_crc_ex.o
 .debug_line    0x0000000000003aa2     0x2776 build/stm32f0xx_hal_spi.o
 .debug_line    0x0000000000006218     0x32db build/stm32f0xx_hal_tim.o
 .debug_line    0x00000000000094f3     0x1108 build/stm32f0xx_hal_tim_ex.o
 .debug_line    0x000000000000a5fb      0xbb5 build/stm32f0xx_hal_rcc.o
 .debug_line    0x000000000000b1b0      0x8d4 build/stm32f0xx_hal_rcc_ex.o
 .debug_line    0x000000000000ba84      0x446 build/stm32f0xx_hal.o
 .debug_line    0x000000000000beca      0x532 build/stm32f0xx_hal_gpio.o
 .debug_line    0x000000000000c3fc      0x4ae build/stm32f0xx_hal_cortex.o
 .debug_line    0x000000000000c8aa      0x270 build/system_stm32f0xx.o
 .debug_line    0x000000000000cb1a      0x6cf build/usbd_core.o
 .debug_line    0x000000000000d1e9      0x8e4 build/usbd_ctlreq.o
 .debug_line    0x000000000000dacd      0x2ea build/usbd_ioreq.o
 .debug_line    0x000000000000ddb7      0x638 build/usbd_cdc.o
 .debug_line    0x000000000000e3ef       0x8a build/startup_stm32f042x6.o

.debug_str      0x0000000000000000     0x484c
 .debug_str     0x0000000000000000     0x103a build/main.o
                                       0x1132 (size before relaxing)
 .debug_str     0x000000000000103a      0x3d1 build/usb_device.o
                                        0xa00 (size before relaxing)
 .debug_str     0x000000000000140b      0x96c build/usbd_conf.o
                                       0x1437 (size before relaxing)
 .debug_str     0x0000000000001d77      0x171 build/usbd_desc.o
                                        0x813 (size before relaxing)
 .debug_str     0x0000000000001ee8      0x123 build/usbd_cdc_if.o
                                        0xad0 (size before relaxing)
 .debug_str     0x000000000000200b       0x8a build/stm32f0xx_it.o
                                        0x8d6 (size before relaxing)
 .debug_str     0x0000000000002095       0xa3 build/stm32f0xx_hal_msp.o
                                        0xe15 (size before relaxing)
 .debug_str     0x0000000000002138      0x18d build/stm32f0xx_hal_pcd.o
                                        0xc6c (size before relaxing)
 .debug_str     0x00000000000022c5       0x40 build/stm32f0xx_hal_pcd_ex.o
                                        0x8d9 (size before relaxing)
 .debug_str     0x0000000000002305       0xb9 build/stm32f0xx_hal_crc.o
                                        0x847 (size before relaxing)
 .debug_str     0x00000000000023be       0x96 build/stm32f0xx_hal_crc_ex.o
                                        0x7f9 (size before relaxing)
 .debug_str     0x0000000000002454      0x552 build/stm32f0xx_hal_spi.o
                                        0xf2d (size before relaxing)
 .debug_str     0x00000000000029a6      0xcd9 build/stm32f0xx_hal_tim.o
                                       0x175b (size before relaxing)
 .debug_str     0x000000000000367f      0x49a build/stm32f0xx_hal_tim_ex.o
                                        0xfcd (size before relaxing)
 .debug_str     0x0000000000003b19      0x1e2 build/stm32f0xx_hal_rcc.o
                                        0x9c4 (size before relaxing)
 .debug_str     0x0000000000003cfb      0x28e build/stm32f0xx_hal_rcc_ex.o
                                        0x9d2 (size before relaxing)
 .debug_str     0x0000000000003f89      0x1a5 build/stm32f0xx_hal.o
                                        0x9d1 (size before relaxing)
 .debug_str     0x000000000000412e      0x13c build/stm32f0xx_hal_gpio.o
                                        0x7e0 (size before relaxing)
 .debug_str     0x000000000000426a      0x17c build/stm32f0xx_hal_cortex.o
                                        0x9d9 (size before relaxing)
 .debug_str     0x00000000000043e6       0x38 build/system_stm32f0xx.o
                                        0x606 (size before relaxing)
 .debug_str     0x000000000000441e      0x145 build/usbd_core.o
                                        0xbf6 (size before relaxing)
 .debug_str     0x0000000000004563       0xe2 build/usbd_ctlreq.o
                                        0xb10 (size before relaxing)
 .debug_str     0x0000000000004645       0x60 build/usbd_ioreq.o
                                        0xa3d (size before relaxing)
 .debug_str     0x00000000000046a5      0x183 build/usbd_cdc.o
                                        0xc84 (size before relaxing)
 .debug_str     0x0000000000004828       0x24 build/startup_stm32f042x6.o
                                         0x41 (size before relaxing)

.comment        0x0000000000000000       0x1d
 .comment       0x0000000000000000       0x1d build/main.o
                                         0x1e (size before relaxing)
 .comment       0x000000000000001d       0x1e build/usb_device.o
 .comment       0x000000000000001d       0x1e build/usbd_conf.o
 .comment       0x000000000000001d       0x1e build/usbd_desc.o
 .comment       0x000000000000001d       0x1e build/usbd_cdc_if.o
 .comment       0x000000000000001d       0x1e build/stm32f0xx_it.o
 .comment       0x000000000000001d       0x1e build/stm32f0xx_hal_msp.o
 .comment       0x000000000000001d       0x1e build/stm32f0xx_hal_pcd.o
 .comment       0x000000000000001d       0x1e build/stm32f0xx_hal_pcd_ex.o
 .comment       0x000000000000001d       0x1e build/stm32f0xx_hal_crc.o
 .comment       0x000000000000001d       0x1e build/stm32f0xx_hal_crc_ex.o
 .comment       0x000000000000001d       0x1e build/stm32f0xx_hal_spi.o
 .comment       0x000000000000001d       0x1e build/stm32f0xx_hal_tim.o
 .comment       0x000000000000001d       0x1e build/stm32f0xx_hal_tim_ex.o
 .comment       0x000000000000001d       0x1e build/stm32f0xx_hal_rcc.o
 .comment       0x000000000000001d       0x1e build/stm32f0xx_hal_rcc_ex.o
 .comment       0x000000000000001d       0x1e build/stm32f0xx_hal.o
 .comment       0x000000000000001d       0x1e build/stm32f0xx_hal_gpio.o
 .comment       0x000000000000001d       0x1e build/stm32f0xx_hal_cortex.o
 .comment       0x000000000000001d       0x1e build/system_stm32f0xx.o
 .comment       0x000000000000001d       0x1e build/usbd_core.o
 .comment       0x000000000000001d       0x1e build/usbd_ctlreq.o
 .comment       0x000000000000001d       0x1e build/usbd_ioreq.o
 .comment       0x000000000000001d       0x1e build/usbd_cdc.o

.debug_frame    0x0000000000000000     0x2cd0
 .debug_frame   0x0000000000000000       0xcc build/main.o
 .debug_frame   0x00000000000000cc       0x2c build/usb_device.o
 .debug_frame   0x00000000000000f8      0x368 build/usbd_conf.o
 .debug_frame   0x0000000000000460       0xf8 build/usbd_desc.o
 .debug_frame   0x0000000000000558       0x84 build/usbd_cdc_if.o
 .debug_frame   0x00000000000005dc       0x88 build/stm32f0xx_it.o
 .debug_frame   0x0000000000000664       0xa4 build/stm32f0xx_hal_msp.o
 .debug_frame   0x0000000000000708      0x320 build/stm32f0xx_hal_pcd.o
 .debug_frame   0x0000000000000a28       0x2c build/stm32f0xx_hal_pcd_ex.o
 .debug_frame   0x0000000000000a54       0xfc build/stm32f0xx_hal_crc.o
 .debug_frame   0x0000000000000b50       0x58 build/stm32f0xx_hal_crc_ex.o
 .debug_frame   0x0000000000000ba8      0x638 build/stm32f0xx_hal_spi.o
 .debug_frame   0x00000000000011e0      0xaec build/stm32f0xx_hal_tim.o
 .debug_frame   0x0000000000001ccc      0x3f8 build/stm32f0xx_hal_tim_ex.o
 .debug_frame   0x00000000000020c4      0x148 build/stm32f0xx_hal_rcc.o
 .debug_frame   0x000000000000220c      0x10c build/stm32f0xx_hal_rcc_ex.o
 .debug_frame   0x0000000000002318      0x184 build/stm32f0xx_hal.o
 .debug_frame   0x000000000000249c       0xe4 build/stm32f0xx_hal_gpio.o
 .debug_frame   0x0000000000002580       0xec build/stm32f0xx_hal_cortex.o
 .debug_frame   0x000000000000266c       0x3c build/system_stm32f0xx.o
 .debug_frame   0x00000000000026a8      0x1ec build/usbd_core.o
 .debug_frame   0x0000000000002894      0x198 build/usbd_ctlreq.o
 .debug_frame   0x0000000000002a2c       0xd4 build/usbd_ioreq.o
 .debug_frame   0x0000000000002b00      0x164 build/usbd_cdc.o
 .debug_frame   0x0000000000002c64       0x2c /usr/lib/gcc/arm-none-eabi/9.2.0/../../../../arm-none-eabi/lib/thumb/v6-m/nofp/libc_nano.a(lib_a-init.o)
 .debug_frame   0x0000000000002c90       0x20 /usr/lib/gcc/arm-none-eabi/9.2.0/../../../../arm-none-eabi/lib/thumb/v6-m/nofp/libc_nano.a(lib_a-memset.o)
 .debug_frame   0x0000000000002cb0       0x20 /usr/lib/gcc/arm-none-eabi/9.2.0/thumb/v6-m/nofp/libgcc.a(_udivsi3.o)

Cross Reference Table

Symbol                                            File
ADC1_IRQHandler                                   build/startup_stm32f042x6.o
AHBPrescTable                                     build/system_stm32f0xx.o
                                                  build/stm32f0xx_hal_rcc.o
APBPrescTable                                     build/system_stm32f0xx.o
                                                  build/stm32f0xx_hal_rcc.o
CDC_Transmit_FS                                   build/usbd_cdc_if.o
CEC_CAN_IRQHandler                                build/startup_stm32f042x6.o
DMA1_Channel1_IRQHandler                          build/startup_stm32f042x6.o
DMA1_Channel2_3_IRQHandler                        build/startup_stm32f042x6.o
DMA1_Channel4_5_IRQHandler                        build/startup_stm32f042x6.o
Default_Handler                                   build/startup_stm32f042x6.o
EXTI0_1_IRQHandler                                build/startup_stm32f042x6.o
EXTI2_3_IRQHandler                                build/startup_stm32f042x6.o
EXTI4_15_IRQHandler                               build/startup_stm32f042x6.o
Error_Handler                                     build/main.o
                                                  build/usbd_conf.o
                                                  build/usb_device.o
FLASH_IRQHandler                                  build/startup_stm32f042x6.o
FLASH_PageErase                                   build/stm32f0xx_hal_flash_ex.o
                                                  build/stm32f0xx_hal_flash.o
FLASH_WaitForLastOperation                        build/stm32f0xx_hal_flash.o
                                                  build/stm32f0xx_hal_flash_ex.o
FS_Desc                                           build/usbd_desc.o
                                                  build/usb_device.o
HAL_CRCEx_Init                                    build/stm32f0xx_hal_crc_ex.o
                                                  build/stm32f0xx_hal_crc.o
HAL_CRCEx_Input_Data_Reverse                      build/stm32f0xx_hal_crc_ex.o
HAL_CRCEx_Output_Data_Reverse                     build/stm32f0xx_hal_crc_ex.o
HAL_CRC_Accumulate                                build/stm32f0xx_hal_crc.o
HAL_CRC_Calculate                                 build/stm32f0xx_hal_crc.o
HAL_CRC_DeInit                                    build/stm32f0xx_hal_crc.o
HAL_CRC_GetState                                  build/stm32f0xx_hal_crc.o
HAL_CRC_Init                                      build/stm32f0xx_hal_crc.o
                                                  build/main.o
HAL_CRC_MspDeInit                                 build/stm32f0xx_hal_msp.o
HAL_CRC_MspInit                                   build/stm32f0xx_hal_msp.o
HAL_DBGMCU_DisableDBGStandbyMode                  build/stm32f0xx_hal.o
HAL_DBGMCU_DisableDBGStopMode                     build/stm32f0xx_hal.o
HAL_DBGMCU_EnableDBGStandbyMode                   build/stm32f0xx_hal.o
HAL_DBGMCU_EnableDBGStopMode                      build/stm32f0xx_hal.o
HAL_DMA_Abort                                     build/stm32f0xx_hal_dma.o
                                                  build/stm32f0xx_hal_tim.o
                                                  build/stm32f0xx_hal_spi.o
HAL_DMA_Abort_IT                                  build/stm32f0xx_hal_dma.o
                                                  build/stm32f0xx_hal_i2c.o
                                                  build/stm32f0xx_hal_spi.o
HAL_DMA_DeInit                                    build/stm32f0xx_hal_dma.o
HAL_DMA_GetError                                  build/stm32f0xx_hal_dma.o
HAL_DMA_GetState                                  build/stm32f0xx_hal_dma.o
HAL_DMA_IRQHandler                                build/stm32f0xx_hal_dma.o
HAL_DMA_Init                                      build/stm32f0xx_hal_dma.o
HAL_DMA_PollForTransfer                           build/stm32f0xx_hal_dma.o
HAL_DMA_RegisterCallback                          build/stm32f0xx_hal_dma.o
HAL_DMA_Start                                     build/stm32f0xx_hal_dma.o
HAL_DMA_Start_IT                                  build/stm32f0xx_hal_dma.o
                                                  build/stm32f0xx_hal_i2c.o
                                                  build/stm32f0xx_hal_tim_ex.o
                                                  build/stm32f0xx_hal_tim.o
                                                  build/stm32f0xx_hal_spi.o
HAL_DMA_UnRegisterCallback                        build/stm32f0xx_hal_dma.o
HAL_DeInit                                        build/stm32f0xx_hal.o
HAL_Delay                                         build/stm32f0xx_hal.o
                                                  build/usbd_conf.o
HAL_FLASHEx_Erase                                 build/stm32f0xx_hal_flash_ex.o
HAL_FLASHEx_Erase_IT                              build/stm32f0xx_hal_flash_ex.o
HAL_FLASHEx_OBErase                               build/stm32f0xx_hal_flash_ex.o
HAL_FLASHEx_OBGetConfig                           build/stm32f0xx_hal_flash_ex.o
HAL_FLASHEx_OBGetUserData                         build/stm32f0xx_hal_flash_ex.o
HAL_FLASHEx_OBProgram                             build/stm32f0xx_hal_flash_ex.o
HAL_FLASH_EndOfOperationCallback                  build/stm32f0xx_hal_flash.o
HAL_FLASH_GetError                                build/stm32f0xx_hal_flash.o
HAL_FLASH_IRQHandler                              build/stm32f0xx_hal_flash.o
HAL_FLASH_Lock                                    build/stm32f0xx_hal_flash.o
HAL_FLASH_OB_Launch                               build/stm32f0xx_hal_flash.o
HAL_FLASH_OB_Lock                                 build/stm32f0xx_hal_flash.o
HAL_FLASH_OB_Unlock                               build/stm32f0xx_hal_flash.o
HAL_FLASH_OperationErrorCallback                  build/stm32f0xx_hal_flash.o
HAL_FLASH_Program                                 build/stm32f0xx_hal_flash.o
HAL_FLASH_Program_IT                              build/stm32f0xx_hal_flash.o
HAL_FLASH_Unlock                                  build/stm32f0xx_hal_flash.o
HAL_GPIO_DeInit                                   build/stm32f0xx_hal_gpio.o
                                                  build/stm32f0xx_hal_msp.o
                                                  build/usbd_conf.o
HAL_GPIO_EXTI_Callback                            build/stm32f0xx_hal_gpio.o
HAL_GPIO_EXTI_IRQHandler                          build/stm32f0xx_hal_gpio.o
HAL_GPIO_Init                                     build/stm32f0xx_hal_gpio.o
                                                  build/stm32f0xx_hal_rcc.o
                                                  build/stm32f0xx_hal_msp.o
                                                  build/usbd_conf.o
                                                  build/main.o
HAL_GPIO_LockPin                                  build/stm32f0xx_hal_gpio.o
HAL_GPIO_ReadPin                                  build/stm32f0xx_hal_gpio.o
HAL_GPIO_TogglePin                                build/stm32f0xx_hal_gpio.o
HAL_GPIO_WritePin                                 build/stm32f0xx_hal_gpio.o
HAL_GetDEVID                                      build/stm32f0xx_hal.o
HAL_GetHalVersion                                 build/stm32f0xx_hal.o
HAL_GetREVID                                      build/stm32f0xx_hal.o
HAL_GetTick                                       build/stm32f0xx_hal.o
                                                  build/stm32f0xx_hal_flash.o
                                                  build/stm32f0xx_hal_dma.o
                                                  build/stm32f0xx_hal_i2c.o
                                                  build/stm32f0xx_hal_rcc_ex.o
                                                  build/stm32f0xx_hal_rcc.o
                                                  build/stm32f0xx_hal_spi.o
HAL_GetUIDw0                                      build/stm32f0xx_hal.o
HAL_GetUIDw1                                      build/stm32f0xx_hal.o
HAL_GetUIDw2                                      build/stm32f0xx_hal.o
HAL_I2CEx_ConfigAnalogFilter                      build/stm32f0xx_hal_i2c_ex.o
HAL_I2CEx_ConfigDigitalFilter                     build/stm32f0xx_hal_i2c_ex.o
HAL_I2CEx_DisableFastModePlus                     build/stm32f0xx_hal_i2c_ex.o
HAL_I2CEx_DisableWakeUp                           build/stm32f0xx_hal_i2c_ex.o
HAL_I2CEx_EnableFastModePlus                      build/stm32f0xx_hal_i2c_ex.o
HAL_I2CEx_EnableWakeUp                            build/stm32f0xx_hal_i2c_ex.o
HAL_I2C_AbortCpltCallback                         build/stm32f0xx_hal_i2c.o
HAL_I2C_AddrCallback                              build/stm32f0xx_hal_i2c.o
HAL_I2C_DeInit                                    build/stm32f0xx_hal_i2c.o
HAL_I2C_DisableListen_IT                          build/stm32f0xx_hal_i2c.o
HAL_I2C_ER_IRQHandler                             build/stm32f0xx_hal_i2c.o
HAL_I2C_EV_IRQHandler                             build/stm32f0xx_hal_i2c.o
HAL_I2C_EnableListen_IT                           build/stm32f0xx_hal_i2c.o
HAL_I2C_ErrorCallback                             build/stm32f0xx_hal_i2c.o
HAL_I2C_GetError                                  build/stm32f0xx_hal_i2c.o
HAL_I2C_GetMode                                   build/stm32f0xx_hal_i2c.o
HAL_I2C_GetState                                  build/stm32f0xx_hal_i2c.o
HAL_I2C_Init                                      build/stm32f0xx_hal_i2c.o
HAL_I2C_IsDeviceReady                             build/stm32f0xx_hal_i2c.o
HAL_I2C_ListenCpltCallback                        build/stm32f0xx_hal_i2c.o
HAL_I2C_MasterRxCpltCallback                      build/stm32f0xx_hal_i2c.o
HAL_I2C_MasterTxCpltCallback                      build/stm32f0xx_hal_i2c.o
HAL_I2C_Master_Abort_IT                           build/stm32f0xx_hal_i2c.o
HAL_I2C_Master_Receive                            build/stm32f0xx_hal_i2c.o
HAL_I2C_Master_Receive_DMA                        build/stm32f0xx_hal_i2c.o
HAL_I2C_Master_Receive_IT                         build/stm32f0xx_hal_i2c.o
HAL_I2C_Master_Sequential_Receive_IT              build/stm32f0xx_hal_i2c.o
HAL_I2C_Master_Sequential_Transmit_IT             build/stm32f0xx_hal_i2c.o
HAL_I2C_Master_Transmit                           build/stm32f0xx_hal_i2c.o
HAL_I2C_Master_Transmit_DMA                       build/stm32f0xx_hal_i2c.o
HAL_I2C_Master_Transmit_IT                        build/stm32f0xx_hal_i2c.o
HAL_I2C_MemRxCpltCallback                         build/stm32f0xx_hal_i2c.o
HAL_I2C_MemTxCpltCallback                         build/stm32f0xx_hal_i2c.o
HAL_I2C_Mem_Read                                  build/stm32f0xx_hal_i2c.o
HAL_I2C_Mem_Read_DMA                              build/stm32f0xx_hal_i2c.o
HAL_I2C_Mem_Read_IT                               build/stm32f0xx_hal_i2c.o
HAL_I2C_Mem_Write                                 build/stm32f0xx_hal_i2c.o
HAL_I2C_Mem_Write_DMA                             build/stm32f0xx_hal_i2c.o
HAL_I2C_Mem_Write_IT                              build/stm32f0xx_hal_i2c.o
HAL_I2C_MspDeInit                                 build/stm32f0xx_hal_i2c.o
HAL_I2C_MspInit                                   build/stm32f0xx_hal_i2c.o
HAL_I2C_SlaveRxCpltCallback                       build/stm32f0xx_hal_i2c.o
HAL_I2C_SlaveTxCpltCallback                       build/stm32f0xx_hal_i2c.o
HAL_I2C_Slave_Receive                             build/stm32f0xx_hal_i2c.o
HAL_I2C_Slave_Receive_DMA                         build/stm32f0xx_hal_i2c.o
HAL_I2C_Slave_Receive_IT                          build/stm32f0xx_hal_i2c.o
HAL_I2C_Slave_Sequential_Receive_IT               build/stm32f0xx_hal_i2c.o
HAL_I2C_Slave_Sequential_Transmit_IT              build/stm32f0xx_hal_i2c.o
HAL_I2C_Slave_Transmit                            build/stm32f0xx_hal_i2c.o
HAL_I2C_Slave_Transmit_DMA                        build/stm32f0xx_hal_i2c.o
HAL_I2C_Slave_Transmit_IT                         build/stm32f0xx_hal_i2c.o
HAL_IncTick                                       build/stm32f0xx_hal.o
                                                  build/stm32f0xx_it.o
HAL_Init                                          build/stm32f0xx_hal.o
                                                  build/main.o
HAL_InitTick                                      build/stm32f0xx_hal.o
                                                  build/stm32f0xx_hal_rcc.o
HAL_MspDeInit                                     build/stm32f0xx_hal.o
HAL_MspInit                                       build/stm32f0xx_hal_msp.o
HAL_NVIC_ClearPendingIRQ                          build/stm32f0xx_hal_cortex.o
HAL_NVIC_DisableIRQ                               build/stm32f0xx_hal_cortex.o
                                                  build/usbd_conf.o
HAL_NVIC_EnableIRQ                                build/stm32f0xx_hal_cortex.o
                                                  build/usbd_conf.o
HAL_NVIC_GetPendingIRQ                            build/stm32f0xx_hal_cortex.o
HAL_NVIC_GetPriority                              build/stm32f0xx_hal_cortex.o
HAL_NVIC_SetPendingIRQ                            build/stm32f0xx_hal_cortex.o
HAL_NVIC_SetPriority                              build/stm32f0xx_hal_cortex.o
                                                  build/stm32f0xx_hal.o
                                                  build/usbd_conf.o
HAL_NVIC_SystemReset                              build/stm32f0xx_hal_cortex.o
HAL_PCDEx_PMAConfig                               build/stm32f0xx_hal_pcd_ex.o
                                                  build/usbd_conf.o
HAL_PCD_ActivateRemoteWakeup                      build/stm32f0xx_hal_pcd.o
HAL_PCD_ConnectCallback                           build/usbd_conf.o
HAL_PCD_DataInStageCallback                       build/usbd_conf.o
HAL_PCD_DataOutStageCallback                      build/usbd_conf.o
HAL_PCD_DeActivateRemoteWakeup                    build/stm32f0xx_hal_pcd.o
HAL_PCD_DeInit                                    build/stm32f0xx_hal_pcd.o
                                                  build/usbd_conf.o
HAL_PCD_DevConnect                                build/stm32f0xx_hal_pcd.o
HAL_PCD_DevDisconnect                             build/stm32f0xx_hal_pcd.o
HAL_PCD_DisconnectCallback                        build/usbd_conf.o
HAL_PCD_EP_Close                                  build/stm32f0xx_hal_pcd.o
                                                  build/usbd_conf.o
HAL_PCD_EP_ClrStall                               build/stm32f0xx_hal_pcd.o
                                                  build/usbd_conf.o
HAL_PCD_EP_Flush                                  build/stm32f0xx_hal_pcd.o
                                                  build/usbd_conf.o
HAL_PCD_EP_GetRxCount                             build/stm32f0xx_hal_pcd.o
                                                  build/usbd_conf.o
HAL_PCD_EP_Open                                   build/stm32f0xx_hal_pcd.o
                                                  build/usbd_conf.o
HAL_PCD_EP_Receive                                build/stm32f0xx_hal_pcd.o
                                                  build/usbd_conf.o
HAL_PCD_EP_SetStall                               build/stm32f0xx_hal_pcd.o
                                                  build/usbd_conf.o
HAL_PCD_EP_Transmit                               build/stm32f0xx_hal_pcd.o
                                                  build/usbd_conf.o
HAL_PCD_GetState                                  build/stm32f0xx_hal_pcd.o
HAL_PCD_IRQHandler                                build/stm32f0xx_hal_pcd.o
                                                  build/stm32f0xx_it.o
HAL_PCD_ISOINIncompleteCallback                   build/usbd_conf.o
HAL_PCD_ISOOUTIncompleteCallback                  build/usbd_conf.o
HAL_PCD_Init                                      build/stm32f0xx_hal_pcd.o
                                                  build/usbd_conf.o
HAL_PCD_MspDeInit                                 build/usbd_conf.o
HAL_PCD_MspInit                                   build/usbd_conf.o
HAL_PCD_ResetCallback                             build/usbd_conf.o
HAL_PCD_ResumeCallback                            build/usbd_conf.o
HAL_PCD_SOFCallback                               build/usbd_conf.o
HAL_PCD_SetAddress                                build/stm32f0xx_hal_pcd.o
                                                  build/usbd_conf.o
HAL_PCD_SetupStageCallback                        build/usbd_conf.o
HAL_PCD_Start                                     build/stm32f0xx_hal_pcd.o
                                                  build/usbd_conf.o
HAL_PCD_Stop                                      build/stm32f0xx_hal_pcd.o
                                                  build/usbd_conf.o
HAL_PCD_SuspendCallback                           build/usbd_conf.o
HAL_PWREx_DisableVddio2Monitor                    build/stm32f0xx_hal_pwr_ex.o
HAL_PWREx_EnableVddio2Monitor                     build/stm32f0xx_hal_pwr_ex.o
HAL_PWREx_Vddio2MonitorCallback                   build/stm32f0xx_hal_pwr_ex.o
HAL_PWREx_Vddio2Monitor_IRQHandler                build/stm32f0xx_hal_pwr_ex.o
HAL_PWR_ConfigPVD                                 build/stm32f0xx_hal_pwr_ex.o
HAL_PWR_DeInit                                    build/stm32f0xx_hal_pwr.o
HAL_PWR_DisableBkUpAccess                         build/stm32f0xx_hal_pwr.o
HAL_PWR_DisablePVD                                build/stm32f0xx_hal_pwr_ex.o
HAL_PWR_DisableSEVOnPend                          build/stm32f0xx_hal_pwr.o
HAL_PWR_DisableSleepOnExit                        build/stm32f0xx_hal_pwr.o
HAL_PWR_DisableWakeUpPin                          build/stm32f0xx_hal_pwr.o
HAL_PWR_EnableBkUpAccess                          build/stm32f0xx_hal_pwr.o
HAL_PWR_EnablePVD                                 build/stm32f0xx_hal_pwr_ex.o
HAL_PWR_EnableSEVOnPend                           build/stm32f0xx_hal_pwr.o
HAL_PWR_EnableSleepOnExit                         build/stm32f0xx_hal_pwr.o
HAL_PWR_EnableWakeUpPin                           build/stm32f0xx_hal_pwr.o
HAL_PWR_EnterSLEEPMode                            build/stm32f0xx_hal_pwr.o
HAL_PWR_EnterSTANDBYMode                          build/stm32f0xx_hal_pwr.o
HAL_PWR_EnterSTOPMode                             build/stm32f0xx_hal_pwr.o
HAL_PWR_PVDCallback                               build/stm32f0xx_hal_pwr_ex.o
HAL_PWR_PVD_IRQHandler                            build/stm32f0xx_hal_pwr_ex.o
HAL_RCCEx_CRSConfig                               build/stm32f0xx_hal_rcc_ex.o
HAL_RCCEx_CRSGetSynchronizationInfo               build/stm32f0xx_hal_rcc_ex.o
HAL_RCCEx_CRSSoftwareSynchronizationGenerate      build/stm32f0xx_hal_rcc_ex.o
HAL_RCCEx_CRSWaitSynchronization                  build/stm32f0xx_hal_rcc_ex.o
HAL_RCCEx_CRS_ErrorCallback                       build/stm32f0xx_hal_rcc_ex.o
HAL_RCCEx_CRS_ExpectedSyncCallback                build/stm32f0xx_hal_rcc_ex.o
HAL_RCCEx_CRS_IRQHandler                          build/stm32f0xx_hal_rcc_ex.o
HAL_RCCEx_CRS_SyncOkCallback                      build/stm32f0xx_hal_rcc_ex.o
HAL_RCCEx_CRS_SyncWarnCallback                    build/stm32f0xx_hal_rcc_ex.o
HAL_RCCEx_GetPeriphCLKConfig                      build/stm32f0xx_hal_rcc_ex.o
HAL_RCCEx_GetPeriphCLKFreq                        build/stm32f0xx_hal_rcc_ex.o
HAL_RCCEx_PeriphCLKConfig                         build/stm32f0xx_hal_rcc_ex.o
                                                  build/main.o
HAL_RCC_CSSCallback                               build/stm32f0xx_hal_rcc.o
HAL_RCC_ClockConfig                               build/stm32f0xx_hal_rcc.o
                                                  build/main.o
HAL_RCC_DeInit                                    build/stm32f0xx_hal_rcc.o
HAL_RCC_DisableCSS                                build/stm32f0xx_hal_rcc.o
HAL_RCC_EnableCSS                                 build/stm32f0xx_hal_rcc.o
HAL_RCC_GetClockConfig                            build/stm32f0xx_hal_rcc.o
HAL_RCC_GetHCLKFreq                               build/stm32f0xx_hal_rcc.o
                                                  build/stm32f0xx_hal.o
HAL_RCC_GetOscConfig                              build/stm32f0xx_hal_rcc.o
HAL_RCC_GetPCLK1Freq                              build/stm32f0xx_hal_rcc.o
                                                  build/stm32f0xx_hal_rcc_ex.o
HAL_RCC_GetSysClockFreq                           build/stm32f0xx_hal_rcc.o
                                                  build/stm32f0xx_hal_rcc_ex.o
HAL_RCC_MCOConfig                                 build/stm32f0xx_hal_rcc.o
HAL_RCC_NMI_IRQHandler                            build/stm32f0xx_hal_rcc.o
HAL_RCC_OscConfig                                 build/stm32f0xx_hal_rcc.o
                                                  build/main.o
HAL_ResumeTick                                    build/stm32f0xx_hal.o
HAL_SPIEx_FlushRxFifo                             build/stm32f0xx_hal_spi_ex.o
HAL_SPI_Abort                                     build/stm32f0xx_hal_spi.o
HAL_SPI_AbortCpltCallback                         build/stm32f0xx_hal_spi.o
HAL_SPI_Abort_IT                                  build/stm32f0xx_hal_spi.o
HAL_SPI_DMAPause                                  build/stm32f0xx_hal_spi.o
HAL_SPI_DMAResume                                 build/stm32f0xx_hal_spi.o
HAL_SPI_DMAStop                                   build/stm32f0xx_hal_spi.o
HAL_SPI_DeInit                                    build/stm32f0xx_hal_spi.o
HAL_SPI_ErrorCallback                             build/stm32f0xx_hal_spi.o
HAL_SPI_GetError                                  build/stm32f0xx_hal_spi.o
HAL_SPI_GetState                                  build/stm32f0xx_hal_spi.o
HAL_SPI_IRQHandler                                build/stm32f0xx_hal_spi.o
HAL_SPI_Init                                      build/stm32f0xx_hal_spi.o
                                                  build/main.o
HAL_SPI_MspDeInit                                 build/stm32f0xx_hal_msp.o
HAL_SPI_MspInit                                   build/stm32f0xx_hal_msp.o
HAL_SPI_Receive                                   build/stm32f0xx_hal_spi.o
HAL_SPI_Receive_DMA                               build/stm32f0xx_hal_spi.o
HAL_SPI_Receive_IT                                build/stm32f0xx_hal_spi.o
HAL_SPI_RxCpltCallback                            build/stm32f0xx_hal_spi.o
HAL_SPI_RxHalfCpltCallback                        build/stm32f0xx_hal_spi.o
HAL_SPI_Transmit                                  build/stm32f0xx_hal_spi.o
HAL_SPI_TransmitReceive                           build/stm32f0xx_hal_spi.o
HAL_SPI_TransmitReceive_DMA                       build/stm32f0xx_hal_spi.o
HAL_SPI_TransmitReceive_IT                        build/stm32f0xx_hal_spi.o
HAL_SPI_Transmit_DMA                              build/stm32f0xx_hal_spi.o
HAL_SPI_Transmit_IT                               build/stm32f0xx_hal_spi.o
HAL_SPI_TxCpltCallback                            build/stm32f0xx_hal_spi.o
HAL_SPI_TxHalfCpltCallback                        build/stm32f0xx_hal_spi.o
HAL_SPI_TxRxCpltCallback                          build/stm32f0xx_hal_spi.o
HAL_SPI_TxRxHalfCpltCallback                      build/stm32f0xx_hal_spi.o
HAL_SYSTICK_CLKSourceConfig                       build/stm32f0xx_hal_cortex.o
HAL_SYSTICK_Callback                              build/stm32f0xx_hal_cortex.o
HAL_SYSTICK_Config                                build/stm32f0xx_hal_cortex.o
                                                  build/stm32f0xx_hal.o
HAL_SYSTICK_IRQHandler                            build/stm32f0xx_hal_cortex.o
HAL_SuspendTick                                   build/stm32f0xx_hal.o
HAL_TIMEx_BreakCallback                           build/stm32f0xx_hal_tim_ex.o
                                                  build/stm32f0xx_hal_tim.o
HAL_TIMEx_CommutationCallback                     build/stm32f0xx_hal_tim_ex.o
                                                  build/stm32f0xx_hal_tim.o
HAL_TIMEx_ConfigBreakDeadTime                     build/stm32f0xx_hal_tim_ex.o
HAL_TIMEx_ConfigCommutationEvent                  build/stm32f0xx_hal_tim_ex.o
HAL_TIMEx_ConfigCommutationEvent_DMA              build/stm32f0xx_hal_tim_ex.o
HAL_TIMEx_ConfigCommutationEvent_IT               build/stm32f0xx_hal_tim_ex.o
HAL_TIMEx_HallSensor_DeInit                       build/stm32f0xx_hal_tim_ex.o
HAL_TIMEx_HallSensor_GetState                     build/stm32f0xx_hal_tim_ex.o
HAL_TIMEx_HallSensor_Init                         build/stm32f0xx_hal_tim_ex.o
HAL_TIMEx_HallSensor_MspDeInit                    build/stm32f0xx_hal_tim_ex.o
HAL_TIMEx_HallSensor_MspInit                      build/stm32f0xx_hal_tim_ex.o
HAL_TIMEx_HallSensor_Start                        build/stm32f0xx_hal_tim_ex.o
HAL_TIMEx_HallSensor_Start_DMA                    build/stm32f0xx_hal_tim_ex.o
HAL_TIMEx_HallSensor_Start_IT                     build/stm32f0xx_hal_tim_ex.o
HAL_TIMEx_HallSensor_Stop                         build/stm32f0xx_hal_tim_ex.o
HAL_TIMEx_HallSensor_Stop_DMA                     build/stm32f0xx_hal_tim_ex.o
HAL_TIMEx_HallSensor_Stop_IT                      build/stm32f0xx_hal_tim_ex.o
HAL_TIMEx_MasterConfigSynchronization             build/stm32f0xx_hal_tim_ex.o
                                                  build/main.o
HAL_TIMEx_OCN_Start                               build/stm32f0xx_hal_tim_ex.o
HAL_TIMEx_OCN_Start_DMA                           build/stm32f0xx_hal_tim_ex.o
HAL_TIMEx_OCN_Start_IT                            build/stm32f0xx_hal_tim_ex.o
HAL_TIMEx_OCN_Stop                                build/stm32f0xx_hal_tim_ex.o
HAL_TIMEx_OCN_Stop_DMA                            build/stm32f0xx_hal_tim_ex.o
HAL_TIMEx_OCN_Stop_IT                             build/stm32f0xx_hal_tim_ex.o
HAL_TIMEx_OnePulseN_Start                         build/stm32f0xx_hal_tim_ex.o
HAL_TIMEx_OnePulseN_Start_IT                      build/stm32f0xx_hal_tim_ex.o
HAL_TIMEx_OnePulseN_Stop                          build/stm32f0xx_hal_tim_ex.o
HAL_TIMEx_OnePulseN_Stop_IT                       build/stm32f0xx_hal_tim_ex.o
HAL_TIMEx_PWMN_Start                              build/stm32f0xx_hal_tim_ex.o
HAL_TIMEx_PWMN_Start_DMA                          build/stm32f0xx_hal_tim_ex.o
HAL_TIMEx_PWMN_Start_IT                           build/stm32f0xx_hal_tim_ex.o
HAL_TIMEx_PWMN_Stop                               build/stm32f0xx_hal_tim_ex.o
HAL_TIMEx_PWMN_Stop_DMA                           build/stm32f0xx_hal_tim_ex.o
HAL_TIMEx_PWMN_Stop_IT                            build/stm32f0xx_hal_tim_ex.o
HAL_TIMEx_RemapConfig                             build/stm32f0xx_hal_tim_ex.o
HAL_TIM_Base_DeInit                               build/stm32f0xx_hal_tim.o
HAL_TIM_Base_GetState                             build/stm32f0xx_hal_tim.o
HAL_TIM_Base_Init                                 build/stm32f0xx_hal_tim.o
                                                  build/main.o
HAL_TIM_Base_MspDeInit                            build/stm32f0xx_hal_msp.o
HAL_TIM_Base_MspInit                              build/stm32f0xx_hal_msp.o
HAL_TIM_Base_Start                                build/stm32f0xx_hal_tim.o
HAL_TIM_Base_Start_DMA                            build/stm32f0xx_hal_tim.o
HAL_TIM_Base_Start_IT                             build/stm32f0xx_hal_tim.o
HAL_TIM_Base_Stop                                 build/stm32f0xx_hal_tim.o
HAL_TIM_Base_Stop_DMA                             build/stm32f0xx_hal_tim.o
HAL_TIM_Base_Stop_IT                              build/stm32f0xx_hal_tim.o
HAL_TIM_ConfigClockSource                         build/stm32f0xx_hal_tim.o
                                                  build/main.o
HAL_TIM_ConfigOCrefClear                          build/stm32f0xx_hal_tim.o
HAL_TIM_ConfigTI1Input                            build/stm32f0xx_hal_tim.o
HAL_TIM_DMABurst_MultiReadStart                   build/stm32f0xx_hal_tim.o
HAL_TIM_DMABurst_MultiWriteStart                  build/stm32f0xx_hal_tim.o
HAL_TIM_DMABurst_ReadStart                        build/stm32f0xx_hal_tim.o
HAL_TIM_DMABurst_ReadStop                         build/stm32f0xx_hal_tim.o
HAL_TIM_DMABurst_WriteStart                       build/stm32f0xx_hal_tim.o
HAL_TIM_DMABurst_WriteStop                        build/stm32f0xx_hal_tim.o
HAL_TIM_Encoder_DeInit                            build/stm32f0xx_hal_tim.o
HAL_TIM_Encoder_GetState                          build/stm32f0xx_hal_tim.o
HAL_TIM_Encoder_Init                              build/stm32f0xx_hal_tim.o
HAL_TIM_Encoder_MspDeInit                         build/stm32f0xx_hal_tim.o
HAL_TIM_Encoder_MspInit                           build/stm32f0xx_hal_tim.o
HAL_TIM_Encoder_Start                             build/stm32f0xx_hal_tim.o
HAL_TIM_Encoder_Start_DMA                         build/stm32f0xx_hal_tim.o
HAL_TIM_Encoder_Start_IT                          build/stm32f0xx_hal_tim.o
HAL_TIM_Encoder_Stop                              build/stm32f0xx_hal_tim.o
HAL_TIM_Encoder_Stop_DMA                          build/stm32f0xx_hal_tim.o
HAL_TIM_Encoder_Stop_IT                           build/stm32f0xx_hal_tim.o
HAL_TIM_ErrorCallback                             build/stm32f0xx_hal_tim.o
HAL_TIM_GenerateEvent                             build/stm32f0xx_hal_tim.o
HAL_TIM_IC_CaptureCallback                        build/stm32f0xx_hal_tim.o
HAL_TIM_IC_ConfigChannel                          build/stm32f0xx_hal_tim.o
HAL_TIM_IC_DeInit                                 build/stm32f0xx_hal_tim.o
HAL_TIM_IC_GetState                               build/stm32f0xx_hal_tim.o
HAL_TIM_IC_Init                                   build/stm32f0xx_hal_tim.o
HAL_TIM_IC_MspDeInit                              build/stm32f0xx_hal_tim.o
HAL_TIM_IC_MspInit                                build/stm32f0xx_hal_tim.o
HAL_TIM_IC_Start                                  build/stm32f0xx_hal_tim.o
HAL_TIM_IC_Start_DMA                              build/stm32f0xx_hal_tim.o
HAL_TIM_IC_Start_IT                               build/stm32f0xx_hal_tim.o
HAL_TIM_IC_Stop                                   build/stm32f0xx_hal_tim.o
HAL_TIM_IC_Stop_DMA                               build/stm32f0xx_hal_tim.o
HAL_TIM_IC_Stop_IT                                build/stm32f0xx_hal_tim.o
HAL_TIM_IRQHandler                                build/stm32f0xx_hal_tim.o
HAL_TIM_OC_ConfigChannel                          build/stm32f0xx_hal_tim.o
HAL_TIM_OC_DeInit                                 build/stm32f0xx_hal_tim.o
HAL_TIM_OC_DelayElapsedCallback                   build/stm32f0xx_hal_tim.o
HAL_TIM_OC_GetState                               build/stm32f0xx_hal_tim.o
HAL_TIM_OC_Init                                   build/stm32f0xx_hal_tim.o
HAL_TIM_OC_MspDeInit                              build/stm32f0xx_hal_tim.o
HAL_TIM_OC_MspInit                                build/stm32f0xx_hal_tim.o
HAL_TIM_OC_Start                                  build/stm32f0xx_hal_tim.o
HAL_TIM_OC_Start_DMA                              build/stm32f0xx_hal_tim.o
HAL_TIM_OC_Start_IT                               build/stm32f0xx_hal_tim.o
HAL_TIM_OC_Stop                                   build/stm32f0xx_hal_tim.o
HAL_TIM_OC_Stop_DMA                               build/stm32f0xx_hal_tim.o
HAL_TIM_OC_Stop_IT                                build/stm32f0xx_hal_tim.o
HAL_TIM_OnePulse_ConfigChannel                    build/stm32f0xx_hal_tim.o
HAL_TIM_OnePulse_DeInit                           build/stm32f0xx_hal_tim.o
HAL_TIM_OnePulse_GetState                         build/stm32f0xx_hal_tim.o
HAL_TIM_OnePulse_Init                             build/stm32f0xx_hal_tim.o
HAL_TIM_OnePulse_MspDeInit                        build/stm32f0xx_hal_tim.o
HAL_TIM_OnePulse_MspInit                          build/stm32f0xx_hal_tim.o
HAL_TIM_OnePulse_Start                            build/stm32f0xx_hal_tim.o
HAL_TIM_OnePulse_Start_IT                         build/stm32f0xx_hal_tim.o
HAL_TIM_OnePulse_Stop                             build/stm32f0xx_hal_tim.o
HAL_TIM_OnePulse_Stop_IT                          build/stm32f0xx_hal_tim.o
HAL_TIM_PWM_ConfigChannel                         build/stm32f0xx_hal_tim.o
HAL_TIM_PWM_DeInit                                build/stm32f0xx_hal_tim.o
HAL_TIM_PWM_GetState                              build/stm32f0xx_hal_tim.o
HAL_TIM_PWM_Init                                  build/stm32f0xx_hal_tim.o
HAL_TIM_PWM_MspDeInit                             build/stm32f0xx_hal_tim.o
HAL_TIM_PWM_MspInit                               build/stm32f0xx_hal_tim.o
HAL_TIM_PWM_PulseFinishedCallback                 build/stm32f0xx_hal_tim.o
HAL_TIM_PWM_Start                                 build/stm32f0xx_hal_tim.o
HAL_TIM_PWM_Start_DMA                             build/stm32f0xx_hal_tim.o
HAL_TIM_PWM_Start_IT                              build/stm32f0xx_hal_tim.o
HAL_TIM_PWM_Stop                                  build/stm32f0xx_hal_tim.o
HAL_TIM_PWM_Stop_DMA                              build/stm32f0xx_hal_tim.o
HAL_TIM_PWM_Stop_IT                               build/stm32f0xx_hal_tim.o
HAL_TIM_PeriodElapsedCallback                     build/stm32f0xx_hal_tim.o
HAL_TIM_ReadCapturedValue                         build/stm32f0xx_hal_tim.o
HAL_TIM_SlaveConfigSynchronization                build/stm32f0xx_hal_tim.o
HAL_TIM_SlaveConfigSynchronization_IT             build/stm32f0xx_hal_tim.o
HAL_TIM_TriggerCallback                           build/stm32f0xx_hal_tim.o
HardFault_Handler                                 build/stm32f0xx_it.o
I2C1_IRQHandler                                   build/startup_stm32f042x6.o
MX_USB_DEVICE_Init                                build/usb_device.o
                                                  build/main.o
NMI_Handler                                       build/stm32f0xx_it.o
PCD_ReadPMA                                       build/stm32f0xx_hal_pcd.o
PCD_WritePMA                                      build/stm32f0xx_hal_pcd.o
PVD_VDDIO2_IRQHandler                             build/startup_stm32f042x6.o
PendSV_Handler                                    build/stm32f0xx_it.o
RCC_CRS_IRQHandler                                build/startup_stm32f042x6.o
RTC_IRQHandler                                    build/startup_stm32f042x6.o
Reset_Handler                                     build/startup_stm32f042x6.o
SPI1_IRQHandler                                   build/startup_stm32f042x6.o
SPI2_IRQHandler                                   build/startup_stm32f042x6.o
SVC_Handler                                       build/stm32f0xx_it.o
SysTick_Handler                                   build/stm32f0xx_it.o
SystemClock_Config                                build/main.o
                                                  build/usbd_conf.o
SystemCoreClock                                   build/system_stm32f0xx.o
                                                  build/stm32f0xx_hal_rcc.o
                                                  build/stm32f0xx_hal_spi.o
SystemCoreClockUpdate                             build/system_stm32f0xx.o
SystemInit                                        build/system_stm32f0xx.o
                                                  build/startup_stm32f042x6.o
TIM14_IRQHandler                                  build/startup_stm32f042x6.o
TIM16_IRQHandler                                  build/startup_stm32f042x6.o
TIM17_IRQHandler                                  build/startup_stm32f042x6.o
TIM1_BRK_UP_TRG_COM_IRQHandler                    build/startup_stm32f042x6.o
TIM1_CC_IRQHandler                                build/startup_stm32f042x6.o
TIM2_IRQHandler                                   build/startup_stm32f042x6.o
TIM3_IRQHandler                                   build/startup_stm32f042x6.o
TIMEx_DMACommutationCplt                          build/stm32f0xx_hal_tim_ex.o
                                                  build/stm32f0xx_hal_tim.o
TIM_Base_SetConfig                                build/stm32f0xx_hal_tim.o
                                                  build/stm32f0xx_hal_tim_ex.o
TIM_CCxChannelCmd                                 build/stm32f0xx_hal_tim.o
                                                  build/stm32f0xx_hal_tim_ex.o
TIM_DMACaptureCplt                                build/stm32f0xx_hal_tim.o
                                                  build/stm32f0xx_hal_tim_ex.o
TIM_DMADelayPulseCplt                             build/stm32f0xx_hal_tim.o
                                                  build/stm32f0xx_hal_tim_ex.o